--- WARM START: RESUMING FROM bo_checkpoint_iter_0.pt ---
2026-03-14 22:50:04,924 [INFO] Loaded 51 previous evaluations.
2026-03-14 22:50:04,930 [INFO] Executing Bayesian Optimization Math on: cuda:0
2026-03-14 22:50:05,098 [INFO] 
========================================
2026-03-14 22:50:05,098 [INFO]  BO ITERATION 1 / 50
2026-03-14 22:50:05,098 [INFO] ========================================
2026-03-14 22:50:05,098 [INFO] Training 4 Independent SingleTaskGPs...
2026-03-14 22:50:25,414 [INFO] Solving Mixed Acquisition Function for 3 candidates...
2026-03-14 23:09:50,231 [INFO]   -> Acquisition Function Value (qLogEHVI): -1.6904
2026-03-14 23:09:50,231 [INFO] Dispatching physics simulations to GPUs...
2026-03-14 23:09:54,976 [INFO] [Eval 51] Initializing on GPU 1...
2026-03-14 23:09:55,030 [INFO] [Eval 52] Initializing on GPU 2...
2026-03-14 23:09:55,067 [INFO] [Eval 53] Initializing on GPU 3...
2026-03-15 00:56:27,909 [INFO]   [+] BO Task 01 (GPU 2) finished.
2026-03-15 00:57:17,567 [INFO]   [+] BO Task 00 (GPU 1) finished.
2026-03-15 00:59:52,358 [INFO]   [+] BO Task 02 (GPU 3) finished.
2026-03-15 00:59:53,553 [INFO] Iteration complete. Data saved.
2026-03-15 00:59:53,553 [INFO] 
========================================
2026-03-15 00:59:53,553 [INFO]  BO ITERATION 2 / 50
2026-03-15 00:59:53,553 [INFO] ========================================
2026-03-15 00:59:53,553 [INFO] Training 4 Independent SingleTaskGPs...
2026-03-15 01:00:08,955 [INFO] Solving Mixed Acquisition Function for 3 candidates...
2026-03-15 01:05:36,059 [INFO]   -> Acquisition Function Value (qLogEHVI): -1.8299
2026-03-15 01:05:36,060 [INFO] Dispatching physics simulations to GPUs...
2026-03-15 01:05:40,784 [INFO] [Eval 54] Initializing on GPU 1...
2026-03-15 01:05:40,870 [INFO] [Eval 55] Initializing on GPU 2...
2026-03-15 01:05:40,871 [INFO] [Eval 56] Initializing on GPU 3...
2026-03-15 02:51:20,859 [INFO]   [+] BO Task 00 (GPU 1) finished.
2026-03-15 02:52:58,344 [INFO]   [+] BO Task 01 (GPU 2) finished.
2026-03-15 02:54:13,619 [INFO]   [+] BO Task 02 (GPU 3) finished.
2026-03-15 02:54:14,829 [INFO] Iteration complete. Data saved.
2026-03-15 02:54:14,829 [INFO] 
========================================
2026-03-15 02:54:14,830 [INFO]  BO ITERATION 3 / 50
2026-03-15 02:54:14,830 [INFO] ========================================
2026-03-15 02:54:14,830 [INFO] Training 4 Independent SingleTaskGPs...
2026-03-15 02:54:33,155 [INFO] Solving Mixed Acquisition Function for 3 candidates...
2026-03-15 03:00:52,948 [INFO]   -> Acquisition Function Value (qLogEHVI): -2.0132
2026-03-15 03:00:52,948 [INFO] Dispatching physics simulations to GPUs...
2026-03-15 03:00:57,730 [INFO] [Eval 57] Initializing on GPU 1...
2026-03-15 03:00:57,732 [INFO] [Eval 59] Initializing on GPU 3...
2026-03-15 03:00:57,741 [INFO] [Eval 58] Initializing on GPU 2...
2026-03-15 04:47:37,507 [INFO]   [+] BO Task 00 (GPU 1) finished.
2026-03-15 04:47:39,858 [INFO]   [+] BO Task 01 (GPU 2) finished.
2026-03-15 04:48:38,268 [INFO]   [+] BO Task 02 (GPU 3) finished.
2026-03-15 04:48:39,452 [INFO] Iteration complete. Data saved.
2026-03-15 04:48:39,452 [INFO] 
========================================
2026-03-15 04:48:39,452 [INFO]  BO ITERATION 4 / 50
2026-03-15 04:48:39,452 [INFO] ========================================
2026-03-15 04:48:39,452 [INFO] Training 4 Independent SingleTaskGPs...
2026-03-15 04:48:55,451 [INFO] Solving Mixed Acquisition Function for 3 candidates...
2026-03-15 04:56:02,613 [INFO]   -> Acquisition Function Value (qLogEHVI): -2.0181
2026-03-15 04:56:02,613 [INFO] Dispatching physics simulations to GPUs...
2026-03-15 04:56:07,395 [INFO] [Eval 61] Initializing on GPU 2...
2026-03-15 04:56:07,395 [INFO] [Eval 60] Initializing on GPU 1...
2026-03-15 04:56:07,422 [INFO] [Eval 62] Initializing on GPU 3...
2026-03-15 06:41:49,752 [INFO]   [+] BO Task 00 (GPU 1) finished.
2026-03-15 06:42:47,369 [INFO]   [+] BO Task 02 (GPU 3) finished.
2026-03-15 06:44:37,791 [INFO]   [+] BO Task 01 (GPU 2) finished.
2026-03-15 06:44:38,956 [INFO] Iteration complete. Data saved.
2026-03-15 06:44:38,956 [INFO] 
========================================
2026-03-15 06:44:38,956 [INFO]  BO ITERATION 5 / 50
2026-03-15 06:44:38,956 [INFO] ========================================
2026-03-15 06:44:38,956 [INFO] Training 4 Independent SingleTaskGPs...
2026-03-15 06:44:52,887 [INFO] Solving Mixed Acquisition Function for 3 candidates...
2026-03-15 06:59:10,731 [INFO]   -> Acquisition Function Value (qLogEHVI): -2.0610
2026-03-15 06:59:10,731 [INFO] Dispatching physics simulations to GPUs...
2026-03-15 06:59:15,529 [INFO] [Eval 63] Initializing on GPU 1...
2026-03-15 06:59:15,639 [INFO] [Eval 64] Initializing on GPU 2...
2026-03-15 06:59:15,639 [INFO] [Eval 65] Initializing on GPU 3...
2026-03-15 08:45:31,543 [INFO]   [+] BO Task 00 (GPU 1) finished.
2026-03-15 08:45:41,164 [INFO]   [+] BO Task 01 (GPU 2) finished.
2026-03-15 08:47:10,108 [INFO]   [+] BO Task 02 (GPU 3) finished.
2026-03-15 08:47:11,304 [INFO] Iteration complete. Data saved.
2026-03-15 08:47:11,305 [INFO] 
========================================
2026-03-15 08:47:11,305 [INFO]  BO ITERATION 6 / 50
2026-03-15 08:47:11,305 [INFO] ========================================
2026-03-15 08:47:11,305 [INFO] Training 4 Independent SingleTaskGPs...
2026-03-15 08:47:24,813 [INFO] Solving Mixed Acquisition Function for 3 candidates...
2026-03-15 09:03:01,371 [INFO]   -> Acquisition Function Value (qLogEHVI): -2.7468
2026-03-15 09:03:01,371 [INFO] Dispatching physics simulations to GPUs...
2026-03-15 09:03:06,140 [INFO] [Eval 68] Initializing on GPU 3...
2026-03-15 09:03:06,146 [INFO] [Eval 66] Initializing on GPU 1...
2026-03-15 09:03:06,149 [INFO] [Eval 67] Initializing on GPU 2...
2026-03-15 10:48:08,101 [INFO]   [+] BO Task 00 (GPU 1) finished.
2026-03-15 10:50:45,650 [INFO]   [+] BO Task 02 (GPU 3) finished.
2026-03-15 10:52:46,530 [INFO]   [+] BO Task 01 (GPU 2) finished.
2026-03-15 10:52:47,729 [INFO] Iteration complete. Data saved.
2026-03-15 10:52:47,729 [INFO] 
========================================
2026-03-15 10:52:47,729 [INFO]  BO ITERATION 7 / 50
2026-03-15 10:52:47,729 [INFO] ========================================
2026-03-15 10:52:47,729 [INFO] Training 4 Independent SingleTaskGPs...
2026-03-15 10:52:56,182 [INFO] Solving Mixed Acquisition Function for 3 candidates...
2026-03-15 11:03:57,777 [INFO]   -> Acquisition Function Value (qLogEHVI): -2.6793
2026-03-15 11:03:57,777 [INFO] Dispatching physics simulations to GPUs...
2026-03-15 11:04:02,578 [INFO] [Eval 71] Initializing on GPU 3...
2026-03-15 11:04:02,584 [INFO] [Eval 70] Initializing on GPU 2...
2026-03-15 11:04:02,584 [INFO] [Eval 69] Initializing on GPU 1...
2026-03-15 12:49:41,198 [INFO]   [+] BO Task 01 (GPU 2) finished.
2026-03-15 12:51:18,143 [INFO]   [+] BO Task 00 (GPU 1) finished.
2026-03-15 12:51:42,787 [INFO]   [+] BO Task 02 (GPU 3) finished.
2026-03-15 12:51:43,978 [INFO] Iteration complete. Data saved.
2026-03-15 12:51:43,978 [INFO] 
========================================
2026-03-15 12:51:43,979 [INFO]  BO ITERATION 8 / 50
2026-03-15 12:51:43,979 [INFO] ========================================
2026-03-15 12:51:43,979 [INFO] Training 4 Independent SingleTaskGPs...
2026-03-15 12:52:00,875 [INFO] Solving Mixed Acquisition Function for 3 candidates...
2026-03-15 13:09:46,696 [INFO]   -> Acquisition Function Value (qLogEHVI): -2.9435
2026-03-15 13:09:46,696 [INFO] Dispatching physics simulations to GPUs...
2026-03-15 13:09:51,492 [INFO] [Eval 72] Initializing on GPU 1...
2026-03-15 13:09:51,508 [INFO] [Eval 73] Initializing on GPU 2...
2026-03-15 13:09:51,543 [INFO] [Eval 74] Initializing on GPU 3...
2026-03-15 14:54:28,700 [INFO]   [+] BO Task 00 (GPU 1) finished.
2026-03-15 14:56:01,274 [INFO]   [+] BO Task 02 (GPU 3) finished.
2026-03-15 14:57:40,036 [INFO]   [+] BO Task 01 (GPU 2) finished.
2026-03-15 14:57:41,224 [INFO] Iteration complete. Data saved.
2026-03-15 14:57:41,224 [INFO] 
========================================
2026-03-15 14:57:41,224 [INFO]  BO ITERATION 9 / 50
2026-03-15 14:57:41,224 [INFO] ========================================
2026-03-15 14:57:41,224 [INFO] Training 4 Independent SingleTaskGPs...
2026-03-15 14:57:56,487 [INFO] Solving Mixed Acquisition Function for 3 candidates...
2026-03-15 15:12:07,460 [INFO]   -> Acquisition Function Value (qLogEHVI): -2.1800
2026-03-15 15:12:07,460 [INFO] Dispatching physics simulations to GPUs...
2026-03-15 15:12:12,204 [INFO] [Eval 75] Initializing on GPU 1...
2026-03-15 15:12:12,245 [INFO] [Eval 77] Initializing on GPU 3...
2026-03-15 15:12:12,260 [INFO] [Eval 76] Initializing on GPU 2...
2026-03-15 16:58:33,086 [INFO]   [+] BO Task 00 (GPU 1) finished.
2026-03-15 16:59:26,132 [INFO]   [+] BO Task 02 (GPU 3) finished.
2026-03-15 16:59:37,480 [INFO]   [+] BO Task 01 (GPU 2) finished.
2026-03-15 16:59:38,666 [INFO] Iteration complete. Data saved.
2026-03-15 16:59:38,666 [INFO] 
========================================
2026-03-15 16:59:38,666 [INFO]  BO ITERATION 10 / 50
2026-03-15 16:59:38,666 [INFO] ========================================
2026-03-15 16:59:38,666 [INFO] Training 4 Independent SingleTaskGPs...
2026-03-15 17:00:01,315 [INFO] Solving Mixed Acquisition Function for 3 candidates...
2026-03-15 17:08:02,615 [INFO]   -> Acquisition Function Value (qLogEHVI): -2.2700
2026-03-15 17:08:02,616 [INFO] Dispatching physics simulations to GPUs...
2026-03-15 17:08:07,349 [INFO] [Eval 78] Initializing on GPU 1...
2026-03-15 17:08:07,421 [INFO] [Eval 79] Initializing on GPU 2...
2026-03-15 17:08:07,422 [INFO] [Eval 80] Initializing on GPU 3...
2026-03-15 18:55:19,451 [INFO]   [+] BO Task 00 (GPU 1) finished.
2026-03-15 18:55:46,212 [INFO]   [+] BO Task 02 (GPU 3) finished.
2026-03-15 18:56:08,339 [INFO]   [+] BO Task 01 (GPU 2) finished.
2026-03-15 18:56:09,537 [INFO] Iteration complete. Data saved.
2026-03-15 18:56:09,537 [INFO] 
========================================
2026-03-15 18:56:09,537 [INFO]  BO ITERATION 11 / 50
2026-03-15 18:56:09,537 [INFO] ========================================
2026-03-15 18:56:09,537 [INFO] Training 4 Independent SingleTaskGPs...
2026-03-15 18:56:23,460 [INFO] Solving Mixed Acquisition Function for 3 candidates...
2026-03-15 19:03:59,475 [INFO]   -> Acquisition Function Value (qLogEHVI): -2.1051
2026-03-15 19:03:59,475 [INFO] Dispatching physics simulations to GPUs...
2026-03-15 19:04:04,253 [INFO] [Eval 81] Initializing on GPU 1...
2026-03-15 19:04:04,291 [INFO] [Eval 82] Initializing on GPU 2...
2026-03-15 19:04:04,294 [INFO] [Eval 83] Initializing on GPU 3...
2026-03-15 20:51:34,307 [INFO]   [+] BO Task 02 (GPU 3) finished.
2026-03-15 20:51:47,216 [INFO]   [+] BO Task 00 (GPU 1) finished.
2026-03-15 20:52:04,110 [INFO]   [+] BO Task 01 (GPU 2) finished.
2026-03-15 20:52:05,312 [INFO] Iteration complete. Data saved.
2026-03-15 20:52:05,312 [INFO] 
========================================
2026-03-15 20:52:05,312 [INFO]  BO ITERATION 12 / 50
2026-03-15 20:52:05,312 [INFO] ========================================
2026-03-15 20:52:05,312 [INFO] Training 4 Independent SingleTaskGPs...
2026-03-15 20:52:16,075 [INFO] Solving Mixed Acquisition Function for 3 candidates...
2026-03-15 21:05:35,235 [INFO]   -> Acquisition Function Value (qLogEHVI): -2.6878
2026-03-15 21:05:35,235 [INFO] Dispatching physics simulations to GPUs...
2026-03-15 21:05:40,065 [INFO] [Eval 84] Initializing on GPU 1...
2026-03-15 21:05:40,081 [INFO] [Eval 86] Initializing on GPU 3...
2026-03-15 21:05:40,099 [INFO] [Eval 85] Initializing on GPU 2...
2026-03-15 22:51:40,310 [INFO]   [+] BO Task 00 (GPU 1) finished.
2026-03-15 22:52:01,424 [INFO]   [+] BO Task 01 (GPU 2) finished.
2026-03-15 22:52:50,015 [INFO]   [+] BO Task 02 (GPU 3) finished.
2026-03-15 22:52:51,193 [INFO] Iteration complete. Data saved.
2026-03-15 22:52:51,193 [INFO] 
========================================
2026-03-15 22:52:51,193 [INFO]  BO ITERATION 13 / 50
2026-03-15 22:52:51,193 [INFO] ========================================
2026-03-15 22:52:51,193 [INFO] Training 4 Independent SingleTaskGPs...
2026-03-15 22:53:00,259 [INFO] Solving Mixed Acquisition Function for 3 candidates...
2026-03-15 23:03:18,378 [INFO]   -> Acquisition Function Value (qLogEHVI): -2.6933
2026-03-15 23:03:18,378 [INFO] Dispatching physics simulations to GPUs...
2026-03-15 23:03:23,230 [INFO] [Eval 89] Initializing on GPU 3...
2026-03-15 23:03:23,230 [INFO] [Eval 87] Initializing on GPU 1...
2026-03-15 23:03:23,240 [INFO] [Eval 88] Initializing on GPU 2...
2026-03-16 00:50:23,586 [INFO]   [+] BO Task 00 (GPU 1) finished.
2026-03-16 00:50:26,867 [INFO]   [+] BO Task 02 (GPU 3) finished.
2026-03-16 00:51:09,348 [INFO]   [+] BO Task 01 (GPU 2) finished.
2026-03-16 00:51:10,541 [INFO] Iteration complete. Data saved.
2026-03-16 00:51:10,541 [INFO] 
========================================
2026-03-16 00:51:10,541 [INFO]  BO ITERATION 14 / 50
2026-03-16 00:51:10,541 [INFO] ========================================
2026-03-16 00:51:10,541 [INFO] Training 4 Independent SingleTaskGPs...
2026-03-16 00:51:19,886 [INFO] Solving Mixed Acquisition Function for 3 candidates...
2026-03-16 01:08:53,272 [INFO]   -> Acquisition Function Value (qLogEHVI): -3.8170
2026-03-16 01:08:53,272 [INFO] Dispatching physics simulations to GPUs...
2026-03-16 01:08:57,980 [INFO] [Eval 90] Initializing on GPU 1...
2026-03-16 01:08:58,055 [INFO] [Eval 91] Initializing on GPU 2...
2026-03-16 01:08:58,055 [INFO] [Eval 92] Initializing on GPU 3...
2026-03-16 02:57:13,517 [INFO]   [+] BO Task 00 (GPU 1) finished.
2026-03-16 02:57:20,424 [INFO]   [+] BO Task 01 (GPU 2) finished.
2026-03-16 02:57:40,696 [INFO]   [+] BO Task 02 (GPU 3) finished.
2026-03-16 02:57:41,898 [INFO] Iteration complete. Data saved.
2026-03-16 02:57:41,898 [INFO] 
========================================
2026-03-16 02:57:41,898 [INFO]  BO ITERATION 15 / 50
2026-03-16 02:57:41,898 [INFO] ========================================
2026-03-16 02:57:41,898 [INFO] Training 4 Independent SingleTaskGPs...
2026-03-16 02:57:53,380 [INFO] Solving Mixed Acquisition Function for 3 candidates...
2026-03-16 03:12:05,834 [INFO]   -> Acquisition Function Value (qLogEHVI): -2.3416
2026-03-16 03:12:05,834 [INFO] Dispatching physics simulations to GPUs...
2026-03-16 03:12:10,611 [INFO] [Eval 93] Initializing on GPU 1...
2026-03-16 03:12:10,658 [INFO] [Eval 95] Initializing on GPU 3...
2026-03-16 03:12:10,663 [INFO] [Eval 94] Initializing on GPU 2...
2026-03-16 04:59:02,635 [INFO]   [+] BO Task 00 (GPU 1) finished.
2026-03-16 04:59:37,885 [INFO]   [+] BO Task 01 (GPU 2) finished.
2026-03-16 05:00:46,872 [INFO]   [+] BO Task 02 (GPU 3) finished.
2026-03-16 05:00:48,071 [INFO] Iteration complete. Data saved.
2026-03-16 05:00:48,071 [INFO] 
========================================
2026-03-16 05:00:48,071 [INFO]  BO ITERATION 16 / 50
2026-03-16 05:00:48,071 [INFO] ========================================
2026-03-16 05:00:48,071 [INFO] Training 4 Independent SingleTaskGPs...
2026-03-16 05:01:04,976 [INFO] Solving Mixed Acquisition Function for 3 candidates...
2026-03-16 05:12:58,557 [INFO]   -> Acquisition Function Value (qLogEHVI): -3.5107
2026-03-16 05:12:58,557 [INFO] Dispatching physics simulations to GPUs...
2026-03-16 05:13:03,360 [INFO] [Eval 98] Initializing on GPU 3...
2026-03-16 05:13:03,369 [INFO] [Eval 97] Initializing on GPU 2...
2026-03-16 05:13:03,372 [INFO] [Eval 96] Initializing on GPU 1...
2026-03-16 06:59:58,717 [INFO]   [+] BO Task 01 (GPU 2) finished.
2026-03-16 07:00:43,906 [INFO]   [+] BO Task 00 (GPU 1) finished.
2026-03-16 07:00:44,657 [INFO]   [+] BO Task 02 (GPU 3) finished.
2026-03-16 07:00:45,834 [INFO] Iteration complete. Data saved.
2026-03-16 07:00:45,834 [INFO] 
========================================
2026-03-16 07:00:45,835 [INFO]  BO ITERATION 17 / 50
2026-03-16 07:00:45,835 [INFO] ========================================
2026-03-16 07:00:45,835 [INFO] Training 4 Independent SingleTaskGPs...
2026-03-16 07:01:00,722 [INFO] Solving Mixed Acquisition Function for 3 candidates...
2026-03-16 07:08:55,444 [INFO]   -> Acquisition Function Value (qLogEHVI): -4.2736
2026-03-16 07:08:55,444 [INFO] Dispatching physics simulations to GPUs...
2026-03-16 07:09:00,314 [INFO] [Eval 99] Initializing on GPU 1...
2026-03-16 07:09:00,314 [INFO] [Eval 100] Initializing on GPU 2...
2026-03-16 07:09:00,319 [INFO] [Eval 101] Initializing on GPU 3...
2026-03-16 08:55:52,982 [INFO]   [+] BO Task 00 (GPU 1) finished.
2026-03-16 08:56:55,225 [INFO]   [+] BO Task 02 (GPU 3) finished.
2026-03-16 08:57:40,358 [INFO]   [+] BO Task 01 (GPU 2) finished.
2026-03-16 08:57:41,541 [INFO] Iteration complete. Data saved.
2026-03-16 08:57:41,541 [INFO] 
========================================
2026-03-16 08:57:41,542 [INFO]  BO ITERATION 18 / 50
2026-03-16 08:57:41,542 [INFO] ========================================
2026-03-16 08:57:41,542 [INFO] Training 4 Independent SingleTaskGPs...
2026-03-16 08:58:00,229 [INFO] Solving Mixed Acquisition Function for 3 candidates...
2026-03-16 09:06:51,604 [INFO]   -> Acquisition Function Value (qLogEHVI): -3.9326
2026-03-16 09:06:51,605 [INFO] Dispatching physics simulations to GPUs...
2026-03-16 09:06:56,381 [INFO] [Eval 103] Initializing on GPU 2...
2026-03-16 09:06:56,421 [INFO] [Eval 102] Initializing on GPU 1...
2026-03-16 09:06:56,422 [INFO] [Eval 104] Initializing on GPU 3...
2026-03-16 10:54:28,865 [INFO]   [+] BO Task 00 (GPU 1) finished.
2026-03-16 10:55:02,692 [INFO]   [+] BO Task 01 (GPU 2) finished.
2026-03-16 10:55:29,708 [INFO]   [+] BO Task 02 (GPU 3) finished.
2026-03-16 10:55:30,894 [INFO] Iteration complete. Data saved.
2026-03-16 10:55:30,894 [INFO] 
========================================
2026-03-16 10:55:30,894 [INFO]  BO ITERATION 19 / 50
2026-03-16 10:55:30,894 [INFO] ========================================
2026-03-16 10:55:30,894 [INFO] Training 4 Independent SingleTaskGPs...
2026-03-16 10:55:42,682 [INFO] Solving Mixed Acquisition Function for 3 candidates...
2026-03-16 11:02:45,174 [INFO]   -> Acquisition Function Value (qLogEHVI): -4.0557
2026-03-16 11:02:45,174 [INFO] Dispatching physics simulations to GPUs...
2026-03-16 11:02:49,959 [INFO] [Eval 107] Initializing on GPU 3...
2026-03-16 11:02:49,976 [INFO] [Eval 106] Initializing on GPU 2...
2026-03-16 11:02:50,029 [INFO] [Eval 105] Initializing on GPU 1...
2026-03-16 12:49:30,980 [INFO]   [+] BO Task 00 (GPU 1) finished.
2026-03-16 12:49:51,150 [INFO]   [+] BO Task 02 (GPU 3) finished.
2026-03-16 12:51:17,415 [INFO]   [+] BO Task 01 (GPU 2) finished.
2026-03-16 12:51:18,606 [INFO] Iteration complete. Data saved.
2026-03-16 12:51:18,606 [INFO] 
========================================
2026-03-16 12:51:18,606 [INFO]  BO ITERATION 20 / 50
2026-03-16 12:51:18,606 [INFO] ========================================
2026-03-16 12:51:18,606 [INFO] Training 4 Independent SingleTaskGPs...
2026-03-16 12:51:36,067 [INFO] Solving Mixed Acquisition Function for 3 candidates...
2026-03-16 13:00:52,040 [INFO]   -> Acquisition Function Value (qLogEHVI): -4.0183
2026-03-16 13:00:52,040 [INFO] Dispatching physics simulations to GPUs...
2026-03-16 13:00:56,770 [INFO] [Eval 108] Initializing on GPU 1...
2026-03-16 13:00:56,787 [INFO] [Eval 110] Initializing on GPU 3...
2026-03-16 13:00:56,796 [INFO] [Eval 109] Initializing on GPU 2...
2026-03-16 14:48:55,448 [INFO]   [+] BO Task 02 (GPU 3) finished.
2026-03-16 14:48:58,618 [INFO]   [+] BO Task 00 (GPU 1) finished.
2026-03-16 14:50:07,884 [INFO]   [+] BO Task 01 (GPU 2) finished.
2026-03-16 14:50:09,080 [INFO] Iteration complete. Data saved.
2026-03-16 14:50:09,080 [INFO] 
========================================
2026-03-16 14:50:09,080 [INFO]  BO ITERATION 21 / 50
2026-03-16 14:50:09,080 [INFO] ========================================
2026-03-16 14:50:09,080 [INFO] Training 4 Independent SingleTaskGPs...
2026-03-16 14:50:30,891 [INFO] Solving Mixed Acquisition Function for 3 candidates...
2026-03-16 14:57:44,735 [INFO]   -> Acquisition Function Value (qLogEHVI): -4.2506
2026-03-16 14:57:44,735 [INFO] Dispatching physics simulations to GPUs...
2026-03-16 14:57:49,519 [INFO] [Eval 112] Initializing on GPU 2...
2026-03-16 14:57:49,535 [INFO] [Eval 111] Initializing on GPU 1...
2026-03-16 14:57:49,547 [INFO] [Eval 113] Initializing on GPU 3...
2026-03-16 16:44:33,947 [INFO]   [+] BO Task 00 (GPU 1) finished.
2026-03-16 16:45:15,844 [INFO]   [+] BO Task 01 (GPU 2) finished.
2026-03-16 16:46:34,009 [INFO]   [+] BO Task 02 (GPU 3) finished.
2026-03-16 16:46:35,202 [INFO] Iteration complete. Data saved.
2026-03-16 16:46:35,202 [INFO] 
========================================
2026-03-16 16:46:35,202 [INFO]  BO ITERATION 22 / 50
2026-03-16 16:46:35,202 [INFO] ========================================
2026-03-16 16:46:35,202 [INFO] Training 4 Independent SingleTaskGPs...
2026-03-16 16:46:52,036 [INFO] Solving Mixed Acquisition Function for 3 candidates...
2026-03-16 16:54:34,047 [INFO]   -> Acquisition Function Value (qLogEHVI): -4.7892
2026-03-16 16:54:34,047 [INFO] Dispatching physics simulations to GPUs...
2026-03-16 16:54:38,799 [INFO] [Eval 114] Initializing on GPU 1...
2026-03-16 16:54:38,831 [INFO] [Eval 116] Initializing on GPU 3...
2026-03-16 16:54:38,855 [INFO] [Eval 115] Initializing on GPU 2...
2026-03-16 18:41:31,666 [INFO]   [+] BO Task 00 (GPU 1) finished.
2026-03-16 18:41:50,096 [INFO]   [+] BO Task 02 (GPU 3) finished.
2026-03-16 18:42:21,822 [INFO]   [+] BO Task 01 (GPU 2) finished.
2026-03-16 18:42:23,014 [INFO] Iteration complete. Data saved.
2026-03-16 18:42:23,014 [INFO] 
========================================
2026-03-16 18:42:23,015 [INFO]  BO ITERATION 23 / 50
2026-03-16 18:42:23,015 [INFO] ========================================
2026-03-16 18:42:23,015 [INFO] Training 4 Independent SingleTaskGPs...
2026-03-16 18:42:37,697 [INFO] Solving Mixed Acquisition Function for 3 candidates...
2026-03-16 18:51:50,045 [INFO]   -> Acquisition Function Value (qLogEHVI): -2.6873
2026-03-16 18:51:50,046 [INFO] Dispatching physics simulations to GPUs...
2026-03-16 18:51:54,809 [INFO] [Eval 117] Initializing on GPU 1...
2026-03-16 18:51:54,819 [INFO] [Eval 118] Initializing on GPU 2...
2026-03-16 18:51:54,893 [INFO] [Eval 119] Initializing on GPU 3...
2026-03-16 20:38:11,307 [INFO]   [+] BO Task 01 (GPU 2) finished.
2026-03-16 20:39:05,105 [INFO]   [+] BO Task 00 (GPU 1) finished.
2026-03-16 20:39:52,947 [INFO]   [+] BO Task 02 (GPU 3) finished.
2026-03-16 20:39:54,161 [INFO] Iteration complete. Data saved.
2026-03-16 20:39:54,162 [INFO] 
========================================
2026-03-16 20:39:54,162 [INFO]  BO ITERATION 24 / 50
2026-03-16 20:39:54,162 [INFO] ========================================
2026-03-16 20:39:54,162 [INFO] Training 4 Independent SingleTaskGPs...
2026-03-16 20:40:13,252 [INFO] Solving Mixed Acquisition Function for 3 candidates...
2026-03-16 20:49:12,535 [INFO]   -> Acquisition Function Value (qLogEHVI): -2.0164
2026-03-16 20:49:12,535 [INFO] Dispatching physics simulations to GPUs...
2026-03-16 20:49:17,257 [INFO] [Eval 120] Initializing on GPU 1...
2026-03-16 20:49:17,327 [INFO] [Eval 122] Initializing on GPU 3...
2026-03-16 20:49:17,328 [INFO] [Eval 121] Initializing on GPU 2...
2026-03-16 22:35:16,045 [INFO]   [+] BO Task 02 (GPU 3) finished.
2026-03-16 22:37:06,571 [INFO]   [+] BO Task 00 (GPU 1) finished.
2026-03-16 22:37:37,231 [INFO]   [+] BO Task 01 (GPU 2) finished.
2026-03-16 22:37:38,442 [INFO] Iteration complete. Data saved.
2026-03-16 22:37:38,442 [INFO] 
========================================
2026-03-16 22:37:38,442 [INFO]  BO ITERATION 25 / 50
2026-03-16 22:37:38,442 [INFO] ========================================
2026-03-16 22:37:38,442 [INFO] Training 4 Independent SingleTaskGPs...
2026-03-16 22:37:53,102 [INFO] Solving Mixed Acquisition Function for 3 candidates...
2026-03-16 22:50:23,302 [INFO]   -> Acquisition Function Value (qLogEHVI): -4.4336
2026-03-16 22:50:23,302 [INFO] Dispatching physics simulations to GPUs...
2026-03-16 22:50:28,089 [INFO] [Eval 124] Initializing on GPU 2...
2026-03-16 22:50:28,120 [INFO] [Eval 125] Initializing on GPU 3...
2026-03-16 22:50:28,120 [INFO] [Eval 123] Initializing on GPU 1...
2026-03-17 00:37:37,618 [INFO]   [+] BO Task 00 (GPU 1) finished.
2026-03-17 00:38:27,052 [INFO]   [+] BO Task 02 (GPU 3) finished.
2026-03-17 00:38:29,192 [INFO]   [+] BO Task 01 (GPU 2) finished.
2026-03-17 00:38:30,372 [INFO] Iteration complete. Data saved.
2026-03-17 00:38:30,372 [INFO] 
========================================
2026-03-17 00:38:30,372 [INFO]  BO ITERATION 26 / 50
2026-03-17 00:38:30,372 [INFO] ========================================
2026-03-17 00:38:30,372 [INFO] Training 4 Independent SingleTaskGPs...
2026-03-17 00:38:51,648 [INFO] Solving Mixed Acquisition Function for 3 candidates...
2026-03-17 00:51:31,148 [INFO]   -> Acquisition Function Value (qLogEHVI): -1.8458
2026-03-17 00:51:31,148 [INFO] Dispatching physics simulations to GPUs...
2026-03-17 00:51:35,984 [INFO] [Eval 126] Initializing on GPU 1...
2026-03-17 00:51:35,985 [INFO] [Eval 127] Initializing on GPU 2...
2026-03-17 00:51:35,985 [INFO] [Eval 128] Initializing on GPU 3...
2026-03-17 02:39:18,439 [INFO]   [+] BO Task 01 (GPU 2) finished.
2026-03-17 02:39:31,972 [INFO]   [+] BO Task 00 (GPU 1) finished.
2026-03-17 02:39:58,756 [INFO]   [+] BO Task 02 (GPU 3) finished.
2026-03-17 02:39:59,940 [INFO] Iteration complete. Data saved.
2026-03-17 02:39:59,940 [INFO] 
========================================
2026-03-17 02:39:59,940 [INFO]  BO ITERATION 27 / 50
2026-03-17 02:39:59,940 [INFO] ========================================
2026-03-17 02:39:59,940 [INFO] Training 4 Independent SingleTaskGPs...
2026-03-17 02:40:07,403 [INFO] Solving Mixed Acquisition Function for 3 candidates...
2026-03-17 02:59:16,985 [INFO]   -> Acquisition Function Value (qLogEHVI): -3.2418
2026-03-17 02:59:16,985 [INFO] Dispatching physics simulations to GPUs...
2026-03-17 02:59:21,784 [INFO] [Eval 130] Initializing on GPU 2...
2026-03-17 02:59:21,784 [INFO] [Eval 129] Initializing on GPU 1...
2026-03-17 02:59:21,808 [INFO] [Eval 131] Initializing on GPU 3...
2026-03-17 04:45:56,338 [INFO]   [+] BO Task 02 (GPU 3) finished.
2026-03-17 04:46:08,990 [INFO]   [+] BO Task 00 (GPU 1) finished.
2026-03-17 04:46:28,321 [INFO]   [+] BO Task 01 (GPU 2) finished.
2026-03-17 04:46:29,524 [INFO] Iteration complete. Data saved.
2026-03-17 04:46:29,524 [INFO] 
========================================
2026-03-17 04:46:29,524 [INFO]  BO ITERATION 28 / 50
2026-03-17 04:46:29,524 [INFO] ========================================
2026-03-17 04:46:29,524 [INFO] Training 4 Independent SingleTaskGPs...
2026-03-17 04:46:45,348 [INFO] Solving Mixed Acquisition Function for 3 candidates...
2026-03-17 04:59:49,961 [INFO]   -> Acquisition Function Value (qLogEHVI): -2.6959
2026-03-17 04:59:49,961 [INFO] Dispatching physics simulations to GPUs...
2026-03-17 04:59:54,756 [INFO] [Eval 132] Initializing on GPU 1...
2026-03-17 04:59:54,759 [INFO] [Eval 134] Initializing on GPU 3...
2026-03-17 04:59:54,776 [INFO] [Eval 133] Initializing on GPU 2...
2026-03-17 06:46:08,443 [INFO]   [+] BO Task 00 (GPU 1) finished.
2026-03-17 06:47:17,469 [INFO]   [+] BO Task 02 (GPU 3) finished.
2026-03-17 06:48:58,681 [INFO]   [+] BO Task 01 (GPU 2) finished.
2026-03-17 06:48:59,868 [INFO] Iteration complete. Data saved.
2026-03-17 06:48:59,868 [INFO] 
========================================
2026-03-17 06:48:59,868 [INFO]  BO ITERATION 29 / 50
2026-03-17 06:48:59,868 [INFO] ========================================
2026-03-17 06:48:59,869 [INFO] Training 4 Independent SingleTaskGPs...
2026-03-17 06:49:13,306 [INFO] Solving Mixed Acquisition Function for 3 candidates...
2026-03-17 07:01:11,620 [INFO]   -> Acquisition Function Value (qLogEHVI): -3.7178
2026-03-17 07:01:11,620 [INFO] Dispatching physics simulations to GPUs...
2026-03-17 07:01:16,332 [INFO] [Eval 135] Initializing on GPU 1...
2026-03-17 07:01:16,403 [INFO] [Eval 136] Initializing on GPU 2...
2026-03-17 07:01:16,404 [INFO] [Eval 137] Initializing on GPU 3...
2026-03-17 08:48:12,902 [INFO]   [+] BO Task 01 (GPU 2) finished.
2026-03-17 08:48:15,060 [INFO]   [+] BO Task 00 (GPU 1) finished.
2026-03-17 08:50:35,532 [INFO]   [+] BO Task 02 (GPU 3) finished.
2026-03-17 08:50:36,701 [INFO] Iteration complete. Data saved.
2026-03-17 08:50:36,701 [INFO] 
========================================
2026-03-17 08:50:36,702 [INFO]  BO ITERATION 30 / 50
2026-03-17 08:50:36,702 [INFO] ========================================
2026-03-17 08:50:36,702 [INFO] Training 4 Independent SingleTaskGPs...
2026-03-17 08:50:54,520 [INFO] Solving Mixed Acquisition Function for 3 candidates...
2026-03-17 08:55:42,592 [INFO]   -> Acquisition Function Value (qLogEHVI): -4.6579
2026-03-17 08:55:42,592 [INFO] Dispatching physics simulations to GPUs...
2026-03-17 08:55:47,337 [INFO] [Eval 139] Initializing on GPU 2...
2026-03-17 08:55:47,371 [INFO] [Eval 140] Initializing on GPU 3...
2026-03-17 08:55:47,381 [INFO] [Eval 138] Initializing on GPU 1...
2026-03-17 10:43:15,854 [INFO]   [+] BO Task 00 (GPU 1) finished.
2026-03-17 10:44:40,066 [INFO]   [+] BO Task 02 (GPU 3) finished.
2026-03-17 10:44:59,732 [INFO]   [+] BO Task 01 (GPU 2) finished.
2026-03-17 10:45:00,920 [INFO] Iteration complete. Data saved.
2026-03-17 10:45:00,921 [INFO] 
========================================
2026-03-17 10:45:00,921 [INFO]  BO ITERATION 31 / 50
2026-03-17 10:45:00,921 [INFO] ========================================
2026-03-17 10:45:00,921 [INFO] Training 4 Independent SingleTaskGPs...
2026-03-17 10:45:12,365 [INFO] Solving Mixed Acquisition Function for 3 candidates...
2026-03-17 10:53:31,969 [INFO]   -> Acquisition Function Value (qLogEHVI): -4.2244
2026-03-17 10:53:31,969 [INFO] Dispatching physics simulations to GPUs...
2026-03-17 10:53:36,718 [INFO] [Eval 141] Initializing on GPU 1...
2026-03-17 10:53:36,718 [INFO] [Eval 142] Initializing on GPU 2...
2026-03-17 10:53:36,766 [INFO] [Eval 143] Initializing on GPU 3...
2026-03-17 12:40:18,773 [INFO]   [+] BO Task 00 (GPU 1) finished.
2026-03-17 12:41:04,863 [INFO]   [+] BO Task 02 (GPU 3) finished.
2026-03-17 12:41:12,358 [INFO]   [+] BO Task 01 (GPU 2) finished.
2026-03-17 12:41:13,548 [INFO] Iteration complete. Data saved.
2026-03-17 12:41:13,548 [INFO] 
========================================
2026-03-17 12:41:13,548 [INFO]  BO ITERATION 32 / 50
2026-03-17 12:41:13,548 [INFO] ========================================
2026-03-17 12:41:13,548 [INFO] Training 4 Independent SingleTaskGPs...
2026-03-17 12:41:29,727 [INFO] Solving Mixed Acquisition Function for 3 candidates...
2026-03-17 12:48:18,833 [INFO]   -> Acquisition Function Value (qLogEHVI): -4.3053
2026-03-17 12:48:18,833 [INFO] Dispatching physics simulations to GPUs...
2026-03-17 12:48:23,604 [INFO] [Eval 144] Initializing on GPU 1...
2026-03-17 12:48:23,632 [INFO] [Eval 146] Initializing on GPU 3...
2026-03-17 12:48:23,658 [INFO] [Eval 145] Initializing on GPU 2...
2026-03-17 14:36:09,592 [INFO]   [+] BO Task 00 (GPU 1) finished.
2026-03-17 14:36:19,990 [INFO]   [+] BO Task 02 (GPU 3) finished.
2026-03-17 14:37:58,408 [INFO]   [+] BO Task 01 (GPU 2) finished.
2026-03-17 14:37:59,658 [INFO] Iteration complete. Data saved.
2026-03-17 14:37:59,659 [INFO] 
========================================
2026-03-17 14:37:59,659 [INFO]  BO ITERATION 33 / 50
2026-03-17 14:37:59,659 [INFO] ========================================
2026-03-17 14:37:59,659 [INFO] Training 4 Independent SingleTaskGPs...
2026-03-17 14:38:12,527 [INFO] Solving Mixed Acquisition Function for 3 candidates...
2026-03-17 14:52:50,177 [INFO]   -> Acquisition Function Value (qLogEHVI): -4.4739
2026-03-17 14:52:50,177 [INFO] Dispatching physics simulations to GPUs...
2026-03-17 14:52:55,161 [INFO] [Eval 147] Initializing on GPU 1...
2026-03-17 14:52:55,220 [INFO] [Eval 148] Initializing on GPU 2...
2026-03-17 14:52:55,240 [INFO] [Eval 149] Initializing on GPU 3...
2026-03-17 16:39:44,536 [INFO]   [+] BO Task 00 (GPU 1) finished.
2026-03-17 16:42:16,776 [INFO]   [+] BO Task 01 (GPU 2) finished.
2026-03-17 16:43:00,394 [INFO]   [+] BO Task 02 (GPU 3) finished.
2026-03-17 16:43:01,619 [INFO] Iteration complete. Data saved.
2026-03-17 16:43:01,619 [INFO] 
========================================
2026-03-17 16:43:01,619 [INFO]  BO ITERATION 34 / 50
2026-03-17 16:43:01,619 [INFO] ========================================
2026-03-17 16:43:01,619 [INFO] Training 4 Independent SingleTaskGPs...
2026-03-17 16:43:13,863 [INFO] Solving Mixed Acquisition Function for 3 candidates...
2026-03-17 16:49:31,941 [INFO]   -> Acquisition Function Value (qLogEHVI): -4.4436
2026-03-17 16:49:31,942 [INFO] Dispatching physics simulations to GPUs...
2026-03-17 16:49:37,092 [INFO] [Eval 150] Initializing on GPU 1...
2026-03-17 16:49:37,097 [INFO] [Eval 151] Initializing on GPU 2...
2026-03-17 16:49:37,112 [INFO] [Eval 152] Initializing on GPU 3...
2026-03-17 18:37:38,966 [INFO]   [+] BO Task 01 (GPU 2) finished.
2026-03-17 18:37:49,277 [INFO]   [+] BO Task 02 (GPU 3) finished.
2026-03-17 18:37:58,299 [INFO]   [+] BO Task 00 (GPU 1) finished.
2026-03-17 18:37:59,524 [INFO] Iteration complete. Data saved.
2026-03-17 18:37:59,524 [INFO] 
========================================
2026-03-17 18:37:59,524 [INFO]  BO ITERATION 35 / 50
2026-03-17 18:37:59,524 [INFO] ========================================
2026-03-17 18:37:59,524 [INFO] Training 4 Independent SingleTaskGPs...
2026-03-17 18:38:05,681 [INFO] Solving Mixed Acquisition Function for 3 candidates...
2026-03-17 18:48:21,633 [INFO]   -> Acquisition Function Value (qLogEHVI): -3.4851
2026-03-17 18:48:21,633 [INFO] Dispatching physics simulations to GPUs...
2026-03-17 18:48:26,626 [INFO] [Eval 153] Initializing on GPU 1...
2026-03-17 18:48:26,663 [INFO] [Eval 155] Initializing on GPU 3...
2026-03-17 18:48:26,666 [INFO] [Eval 154] Initializing on GPU 2...
2026-03-17 20:35:27,153 [INFO]   [+] BO Task 00 (GPU 1) finished.
2026-03-17 20:36:40,252 [INFO]   [+] BO Task 02 (GPU 3) finished.
2026-03-17 20:37:48,619 [INFO]   [+] BO Task 01 (GPU 2) finished.
2026-03-17 20:37:49,808 [INFO] Iteration complete. Data saved.
2026-03-17 20:37:49,808 [INFO] 
========================================
2026-03-17 20:37:49,808 [INFO]  BO ITERATION 36 / 50
2026-03-17 20:37:49,808 [INFO] ========================================
2026-03-17 20:37:49,808 [INFO] Training 4 Independent SingleTaskGPs...
2026-03-17 20:38:09,356 [INFO] Solving Mixed Acquisition Function for 3 candidates...
2026-03-17 20:53:03,793 [INFO]   -> Acquisition Function Value (qLogEHVI): -2.4692
2026-03-17 20:53:03,793 [INFO] Dispatching physics simulations to GPUs...
2026-03-17 20:53:08,497 [INFO] [Eval 156] Initializing on GPU 1...
2026-03-17 20:53:08,533 [INFO] [Eval 158] Initializing on GPU 3...
2026-03-17 20:53:08,533 [INFO] [Eval 157] Initializing on GPU 2...
2026-03-17 22:38:49,203 [INFO]   [+] BO Task 00 (GPU 1) finished.
2026-03-17 22:39:16,797 [INFO]   [+] BO Task 02 (GPU 3) finished.
2026-03-17 22:41:23,313 [INFO]   [+] BO Task 01 (GPU 2) finished.
2026-03-17 22:41:24,482 [INFO] Iteration complete. Data saved.
2026-03-17 22:41:24,482 [INFO] 
========================================
2026-03-17 22:41:24,482 [INFO]  BO ITERATION 37 / 50
2026-03-17 22:41:24,482 [INFO] ========================================
2026-03-17 22:41:24,482 [INFO] Training 4 Independent SingleTaskGPs...
2026-03-17 22:41:35,028 [INFO] Solving Mixed Acquisition Function for 3 candidates...
2026-03-17 22:52:21,555 [INFO]   -> Acquisition Function Value (qLogEHVI): -3.1234
2026-03-17 22:52:21,556 [INFO] Dispatching physics simulations to GPUs...
2026-03-17 22:52:26,205 [INFO] [Eval 159] Initializing on GPU 1...
2026-03-17 22:52:26,300 [INFO] [Eval 161] Initializing on GPU 3...
2026-03-17 22:52:26,301 [INFO] [Eval 160] Initializing on GPU 2...
2026-03-18 00:39:42,447 [INFO]   [+] BO Task 02 (GPU 3) finished.
2026-03-18 00:40:28,631 [INFO]   [+] BO Task 00 (GPU 1) finished.
2026-03-18 00:41:37,341 [INFO]   [+] BO Task 01 (GPU 2) finished.
2026-03-18 00:41:38,519 [INFO] Iteration complete. Data saved.
2026-03-18 00:41:38,520 [INFO] 
========================================
2026-03-18 00:41:38,520 [INFO]  BO ITERATION 38 / 50
2026-03-18 00:41:38,520 [INFO] ========================================
2026-03-18 00:41:38,520 [INFO] Training 4 Independent SingleTaskGPs...
2026-03-18 00:41:53,123 [INFO] Solving Mixed Acquisition Function for 3 candidates...
2026-03-18 00:52:41,953 [INFO]   -> Acquisition Function Value (qLogEHVI): -2.1111
2026-03-18 00:52:41,953 [INFO] Dispatching physics simulations to GPUs...
2026-03-18 00:52:46,675 [INFO] [Eval 162] Initializing on GPU 1...
2026-03-18 00:52:46,736 [INFO] [Eval 163] Initializing on GPU 2...
2026-03-18 00:52:46,757 [INFO] [Eval 164] Initializing on GPU 3...
2026-03-18 02:39:36,144 [INFO]   [+] BO Task 02 (GPU 3) finished.
2026-03-18 02:39:53,266 [INFO]   [+] BO Task 01 (GPU 2) finished.
2026-03-18 02:40:31,170 [INFO]   [+] BO Task 00 (GPU 1) finished.
2026-03-18 02:40:32,343 [INFO] Iteration complete. Data saved.
2026-03-18 02:40:32,343 [INFO] 
========================================
2026-03-18 02:40:32,344 [INFO]  BO ITERATION 39 / 50
2026-03-18 02:40:32,344 [INFO] ========================================
2026-03-18 02:40:32,344 [INFO] Training 4 Independent SingleTaskGPs...
2026-03-18 02:40:49,496 [INFO] Solving Mixed Acquisition Function for 3 candidates...
2026-03-18 02:57:08,616 [INFO]   -> Acquisition Function Value (qLogEHVI): -1.9872
2026-03-18 02:57:08,616 [INFO] Dispatching physics simulations to GPUs...
2026-03-18 02:57:13,435 [INFO] [Eval 167] Initializing on GPU 3...
2026-03-18 02:57:13,435 [INFO] [Eval 165] Initializing on GPU 1...
2026-03-18 02:57:13,437 [INFO] [Eval 166] Initializing on GPU 2...
2026-03-18 04:44:00,402 [INFO]   [+] BO Task 02 (GPU 3) finished.
2026-03-18 04:44:15,366 [INFO]   [+] BO Task 00 (GPU 1) finished.
2026-03-18 04:44:22,545 [INFO]   [+] BO Task 01 (GPU 2) finished.
2026-03-18 04:44:23,716 [INFO] Iteration complete. Data saved.
2026-03-18 04:44:23,716 [INFO] 
========================================
2026-03-18 04:44:23,717 [INFO]  BO ITERATION 40 / 50
2026-03-18 04:44:23,717 [INFO] ========================================
2026-03-18 04:44:23,717 [INFO] Training 4 Independent SingleTaskGPs...
2026-03-18 04:44:30,878 [INFO] Solving Mixed Acquisition Function for 3 candidates...
2026-03-18 04:50:57,908 [INFO]   -> Acquisition Function Value (qLogEHVI): -2.3753
2026-03-18 04:50:57,908 [INFO] Dispatching physics simulations to GPUs...
2026-03-18 04:51:02,705 [INFO] [Eval 170] Initializing on GPU 3...
2026-03-18 04:51:02,705 [INFO] [Eval 168] Initializing on GPU 1...
2026-03-18 04:51:02,706 [INFO] [Eval 169] Initializing on GPU 2...
2026-03-18 06:37:31,790 [INFO]   [+] BO Task 01 (GPU 2) finished.
2026-03-18 06:38:38,736 [INFO]   [+] BO Task 02 (GPU 3) finished.
2026-03-18 06:39:00,311 [INFO]   [+] BO Task 00 (GPU 1) finished.
2026-03-18 06:39:01,501 [INFO] Iteration complete. Data saved.
2026-03-18 06:39:01,501 [INFO] 
========================================
2026-03-18 06:39:01,501 [INFO]  BO ITERATION 41 / 50
2026-03-18 06:39:01,501 [INFO] ========================================
2026-03-18 06:39:01,501 [INFO] Training 4 Independent SingleTaskGPs...
2026-03-18 06:39:09,795 [INFO] Solving Mixed Acquisition Function for 3 candidates...
2026-03-18 06:48:11,367 [INFO]   -> Acquisition Function Value (qLogEHVI): -4.5383
2026-03-18 06:48:11,367 [INFO] Dispatching physics simulations to GPUs...
2026-03-18 06:48:16,050 [INFO] [Eval 171] Initializing on GPU 1...
2026-03-18 06:48:16,167 [INFO] [Eval 172] Initializing on GPU 2...
2026-03-18 06:48:16,190 [INFO] [Eval 173] Initializing on GPU 3...
2026-03-18 08:35:51,441 [INFO]   [+] BO Task 00 (GPU 1) finished.
2026-03-18 08:36:02,373 [INFO]   [+] BO Task 02 (GPU 3) finished.
2026-03-18 08:36:49,869 [INFO]   [+] BO Task 01 (GPU 2) finished.
2026-03-18 08:36:51,065 [INFO] Iteration complete. Data saved.
2026-03-18 08:36:51,065 [INFO] 
========================================
2026-03-18 08:36:51,065 [INFO]  BO ITERATION 42 / 50
2026-03-18 08:36:51,065 [INFO] ========================================
2026-03-18 08:36:51,065 [INFO] Training 4 Independent SingleTaskGPs...
2026-03-18 08:36:57,663 [INFO] Solving Mixed Acquisition Function for 3 candidates...
2026-03-18 08:51:55,492 [INFO]   -> Acquisition Function Value (qLogEHVI): -4.6570
2026-03-18 08:51:55,492 [INFO] Dispatching physics simulations to GPUs...
2026-03-18 08:52:00,331 [INFO] [Eval 175] Initializing on GPU 2...
2026-03-18 08:52:00,331 [INFO] [Eval 176] Initializing on GPU 3...
2026-03-18 08:52:00,332 [INFO] [Eval 174] Initializing on GPU 1...
2026-03-18 10:39:22,003 [INFO]   [+] BO Task 00 (GPU 1) finished.
2026-03-18 10:40:32,342 [INFO]   [+] BO Task 02 (GPU 3) finished.
2026-03-18 10:40:42,919 [INFO]   [+] BO Task 01 (GPU 2) finished.
2026-03-18 10:40:44,114 [INFO] Iteration complete. Data saved.
2026-03-18 10:40:44,114 [INFO] 
========================================
2026-03-18 10:40:44,114 [INFO]  BO ITERATION 43 / 50
2026-03-18 10:40:44,114 [INFO] ========================================
2026-03-18 10:40:44,114 [INFO] Training 4 Independent SingleTaskGPs...
2026-03-18 10:40:53,028 [INFO] Solving Mixed Acquisition Function for 3 candidates...
2026-03-18 10:50:43,342 [INFO]   -> Acquisition Function Value (qLogEHVI): -4.4849
2026-03-18 10:50:43,342 [INFO] Dispatching physics simulations to GPUs...
2026-03-18 10:50:48,151 [INFO] [Eval 178] Initializing on GPU 2...
2026-03-18 10:50:48,152 [INFO] [Eval 177] Initializing on GPU 1...
2026-03-18 10:50:48,201 [INFO] [Eval 179] Initializing on GPU 3...
2026-03-18 12:38:52,105 [INFO]   [+] BO Task 00 (GPU 1) finished.
2026-03-18 12:39:47,573 [INFO]   [+] BO Task 01 (GPU 2) finished.
2026-03-18 12:39:58,924 [INFO]   [+] BO Task 02 (GPU 3) finished.
2026-03-18 12:40:00,120 [INFO] Iteration complete. Data saved.
2026-03-18 12:40:00,120 [INFO] 
========================================
2026-03-18 12:40:00,120 [INFO]  BO ITERATION 44 / 50
2026-03-18 12:40:00,120 [INFO] ========================================
2026-03-18 12:40:00,120 [INFO] Training 4 Independent SingleTaskGPs...
2026-03-18 12:40:09,669 [INFO] Solving Mixed Acquisition Function for 3 candidates...
2026-03-18 12:50:00,957 [INFO]   -> Acquisition Function Value (qLogEHVI): -4.8229
2026-03-18 12:50:00,957 [INFO] Dispatching physics simulations to GPUs...
2026-03-18 12:50:05,845 [INFO] [Eval 181] Initializing on GPU 2...
2026-03-18 12:50:05,856 [INFO] [Eval 182] Initializing on GPU 3...
2026-03-18 12:50:05,861 [INFO] [Eval 180] Initializing on GPU 1...
2026-03-18 14:38:50,725 [INFO]   [+] BO Task 00 (GPU 1) finished.
2026-03-18 14:38:55,746 [INFO]   [+] BO Task 01 (GPU 2) finished.
2026-03-18 14:38:58,120 [INFO]   [+] BO Task 02 (GPU 3) finished.
2026-03-18 14:38:59,368 [INFO] Iteration complete. Data saved.
2026-03-18 14:38:59,368 [INFO] 
========================================
2026-03-18 14:38:59,368 [INFO]  BO ITERATION 45 / 50
2026-03-18 14:38:59,368 [INFO] ========================================
2026-03-18 14:38:59,368 [INFO] Training 4 Independent SingleTaskGPs...
2026-03-18 14:39:23,448 [INFO] Solving Mixed Acquisition Function for 3 candidates...
2026-03-18 14:48:47,099 [INFO]   -> Acquisition Function Value (qLogEHVI): -2.1477
2026-03-18 14:48:47,099 [INFO] Dispatching physics simulations to GPUs...
2026-03-18 14:48:52,193 [INFO] [Eval 183] Initializing on GPU 1...
2026-03-18 14:48:52,199 [INFO] [Eval 185] Initializing on GPU 3...
2026-03-18 14:48:52,199 [INFO] [Eval 184] Initializing on GPU 2...
2026-03-18 16:36:23,240 [INFO]   [+] BO Task 01 (GPU 2) finished.
2026-03-18 16:36:39,871 [INFO]   [+] BO Task 02 (GPU 3) finished.
2026-03-18 16:38:15,505 [INFO]   [+] BO Task 00 (GPU 1) finished.
2026-03-18 16:38:16,673 [INFO] Iteration complete. Data saved.
2026-03-18 16:38:16,674 [INFO] 
========================================
2026-03-18 16:38:16,674 [INFO]  BO ITERATION 46 / 50
2026-03-18 16:38:16,674 [INFO] ========================================
2026-03-18 16:38:16,674 [INFO] Training 4 Independent SingleTaskGPs...
2026-03-18 16:38:30,728 [INFO] Solving Mixed Acquisition Function for 3 candidates...
2026-03-18 16:47:41,302 [INFO]   -> Acquisition Function Value (qLogEHVI): -3.1226
2026-03-18 16:47:41,302 [INFO] Dispatching physics simulations to GPUs...
2026-03-18 16:47:46,073 [INFO] [Eval 186] Initializing on GPU 1...
2026-03-18 16:47:46,082 [INFO] [Eval 187] Initializing on GPU 2...
2026-03-18 16:47:46,103 [INFO] [Eval 188] Initializing on GPU 3...
2026-03-18 18:36:25,166 [INFO]   [+] BO Task 01 (GPU 2) finished.
2026-03-18 18:36:59,143 [INFO]   [+] BO Task 02 (GPU 3) finished.
2026-03-18 18:37:41,328 [INFO]   [+] BO Task 00 (GPU 1) finished.
2026-03-18 18:37:42,502 [INFO] Iteration complete. Data saved.
2026-03-18 18:37:42,502 [INFO] 
========================================
2026-03-18 18:37:42,502 [INFO]  BO ITERATION 47 / 50
2026-03-18 18:37:42,502 [INFO] ========================================
2026-03-18 18:37:42,502 [INFO] Training 4 Independent SingleTaskGPs...
2026-03-18 18:37:53,366 [INFO] Solving Mixed Acquisition Function for 3 candidates...
2026-03-18 18:47:09,185 [INFO]   -> Acquisition Function Value (qLogEHVI): -4.7017
2026-03-18 18:47:09,185 [INFO] Dispatching physics simulations to GPUs...
2026-03-18 18:47:13,966 [INFO] [Eval 189] Initializing on GPU 1...
2026-03-18 18:47:14,003 [INFO] [Eval 191] Initializing on GPU 3...
2026-03-18 18:47:14,010 [INFO] [Eval 190] Initializing on GPU 2...
2026-03-18 20:34:38,712 [INFO]   [+] BO Task 00 (GPU 1) finished.
2026-03-18 20:35:44,599 [INFO]   [+] BO Task 02 (GPU 3) finished.
2026-03-18 20:36:57,426 [INFO]   [+] BO Task 01 (GPU 2) finished.
2026-03-18 20:36:58,617 [INFO] Iteration complete. Data saved.
2026-03-18 20:36:58,617 [INFO] 
========================================
2026-03-18 20:36:58,617 [INFO]  BO ITERATION 48 / 50
2026-03-18 20:36:58,617 [INFO] ========================================
2026-03-18 20:36:58,617 [INFO] Training 4 Independent SingleTaskGPs...
2026-03-18 20:37:09,843 [INFO] Solving Mixed Acquisition Function for 3 candidates...
2026-03-18 20:47:25,261 [INFO]   -> Acquisition Function Value (qLogEHVI): -4.7018
2026-03-18 20:47:25,261 [INFO] Dispatching physics simulations to GPUs...
2026-03-18 20:47:30,104 [INFO] [Eval 192] Initializing on GPU 1...
2026-03-18 20:47:30,140 [INFO] [Eval 193] Initializing on GPU 2...
2026-03-18 20:47:30,161 [INFO] [Eval 194] Initializing on GPU 3...
2026-03-18 22:34:51,422 [INFO]   [+] BO Task 00 (GPU 1) finished.
2026-03-18 22:35:06,262 [INFO]   [+] BO Task 02 (GPU 3) finished.
2026-03-18 22:35:08,098 [INFO]   [+] BO Task 01 (GPU 2) finished.
2026-03-18 22:35:09,286 [INFO] Iteration complete. Data saved.
2026-03-18 22:35:09,286 [INFO] 
========================================
2026-03-18 22:35:09,286 [INFO]  BO ITERATION 49 / 50
2026-03-18 22:35:09,286 [INFO] ========================================
2026-03-18 22:35:09,287 [INFO] Training 4 Independent SingleTaskGPs...
2026-03-18 22:35:18,944 [INFO] Solving Mixed Acquisition Function for 3 candidates...
2026-03-18 22:54:20,061 [INFO]   -> Acquisition Function Value (qLogEHVI): -4.5508
2026-03-18 22:54:20,062 [INFO] Dispatching physics simulations to GPUs...
2026-03-18 22:54:24,912 [INFO] [Eval 195] Initializing on GPU 1...
2026-03-18 22:54:24,924 [INFO] [Eval 197] Initializing on GPU 3...
2026-03-18 22:54:24,939 [INFO] [Eval 196] Initializing on GPU 2...
2026-03-19 00:08:04,428 [ERROR] [!] Eval 196 FAILED on GPU 2: [Errno 28] No space left on device
2026-03-19 00:08:04,430 [INFO]   [+] BO Task 01 (GPU 2) finished.
2026-03-19 00:08:05,717 [ERROR] [!] Eval 195 FAILED on GPU 1: [Errno 28] No space left on device
2026-03-19 00:08:05,718 [INFO]   [+] BO Task 00 (GPU 1) finished.
2026-03-19 00:08:08,964 [ERROR] [!] Eval 197 FAILED on GPU 3: [Errno 28] No space left on device
2026-03-19 00:08:08,965 [INFO]   [+] BO Task 02 (GPU 3) finished.
2026-03-19 00:08:10,179 [INFO] Iteration complete. Data saved.
2026-03-19 00:08:10,179 [INFO] 
========================================
2026-03-19 00:08:10,180 [INFO]  BO ITERATION 50 / 50
2026-03-19 00:08:10,180 [INFO] ========================================
2026-03-19 00:08:10,180 [INFO] Training 4 Independent SingleTaskGPs...
2026-03-19 00:08:28,534 [INFO] Solving Mixed Acquisition Function for 3 candidates...
2026-03-19 01:24:46,218 [INFO]   -> Acquisition Function Value (qLogEHVI): -1.5908
2026-03-19 01:24:46,218 [INFO] Dispatching physics simulations to GPUs...
2026-03-19 01:24:50,968 [INFO] [Eval 198] Initializing on GPU 1...
2026-03-19 01:24:51,025 [INFO] [Eval 199] Initializing on GPU 2...
2026-03-19 01:24:51,060 [INFO] [Eval 200] Initializing on GPU 3...
2026-03-19 01:25:00,185 [ERROR] [!] Eval 199 FAILED on GPU 2: [Errno 28] No space left on device
2026-03-19 01:25:00,186 [INFO]   [+] BO Task 01 (GPU 2) finished.
2026-03-19 01:25:00,223 [ERROR] [!] Eval 200 FAILED on GPU 3: [Errno 28] No space left on device
2026-03-19 01:25:00,223 [INFO]   [+] BO Task 02 (GPU 3) finished.
2026-03-19 01:25:02,968 [ERROR] [!] Eval 198 FAILED on GPU 1: [Errno 28] No space left on device
2026-03-19 01:25:02,969 [INFO]   [+] BO Task 00 (GPU 1) finished.
2026-03-19 01:25:04,179 [INFO] Iteration complete. Data saved.
