2026-03-08 08:49:03,595 [INFO] 
--- NO CHECKPOINT FOUND. COLD STARTING ---
2026-03-08 08:49:03,595 [INFO] 
--- GENERATING INITIAL DATASET (51 SAMPLES) ---
2026-03-08 08:49:03,977 [INFO] 
Starting Initial LHS Batch: Samples 1 to 3
2026-03-08 08:49:08,740 [INFO] [Eval 0] Initializing on GPU 1...
2026-03-08 08:49:08,740 [INFO] [Eval 2] Initializing on GPU 3...
2026-03-08 08:49:08,741 [INFO] [Eval 1] Initializing on GPU 2...
2026-03-08 10:35:48,641 [INFO]   [+] Initial Sample 1/51 completed.
2026-03-08 10:36:13,967 [INFO]   [+] Initial Sample 2/51 completed.
2026-03-08 10:38:11,092 [INFO]   [+] Initial Sample 3/51 completed.
2026-03-08 10:38:12,276 [INFO] 
Starting Initial LHS Batch: Samples 4 to 6
2026-03-08 10:38:17,060 [INFO] [Eval 3] Initializing on GPU 1...
2026-03-08 10:38:17,060 [INFO] [Eval 4] Initializing on GPU 2...
2026-03-08 10:38:17,078 [INFO] [Eval 5] Initializing on GPU 3...
2026-03-08 12:23:17,096 [INFO]   [+] Initial Sample 5/51 completed.
2026-03-08 12:25:59,986 [INFO]   [+] Initial Sample 4/51 completed.
2026-03-08 12:27:50,436 [INFO]   [+] Initial Sample 6/51 completed.
2026-03-08 12:27:51,615 [INFO] 
Starting Initial LHS Batch: Samples 7 to 9
2026-03-08 12:27:56,369 [INFO] [Eval 6] Initializing on GPU 1...
2026-03-08 12:27:56,371 [INFO] [Eval 7] Initializing on GPU 2...
2026-03-08 12:27:56,385 [INFO] [Eval 8] Initializing on GPU 3...
2026-03-08 14:14:08,932 [INFO]   [+] Initial Sample 7/51 completed.
2026-03-08 14:16:28,660 [INFO]   [+] Initial Sample 9/51 completed.
2026-03-08 14:16:31,336 [INFO]   [+] Initial Sample 8/51 completed.
2026-03-08 14:16:32,490 [INFO] 
Starting Initial LHS Batch: Samples 10 to 12
2026-03-08 14:16:37,237 [INFO] [Eval 9] Initializing on GPU 1...
2026-03-08 14:16:37,286 [INFO] [Eval 10] Initializing on GPU 2...
2026-03-08 14:16:37,288 [INFO] [Eval 11] Initializing on GPU 3...
2026-03-08 16:02:30,823 [INFO]   [+] Initial Sample 11/51 completed.
2026-03-08 16:04:31,167 [INFO]   [+] Initial Sample 10/51 completed.
2026-03-08 16:04:36,979 [INFO]   [+] Initial Sample 12/51 completed.
2026-03-08 16:04:38,121 [INFO] 
Starting Initial LHS Batch: Samples 13 to 15
2026-03-08 16:04:42,819 [INFO] [Eval 12] Initializing on GPU 1...
2026-03-08 16:04:42,866 [INFO] [Eval 14] Initializing on GPU 3...
2026-03-08 16:04:42,872 [INFO] [Eval 13] Initializing on GPU 2...
2026-03-08 17:50:27,915 [INFO]   [+] Initial Sample 13/51 completed.
2026-03-08 17:53:20,870 [INFO]   [+] Initial Sample 15/51 completed.
2026-03-08 17:54:17,722 [INFO]   [+] Initial Sample 14/51 completed.
2026-03-08 17:54:18,871 [INFO] 
Starting Initial LHS Batch: Samples 16 to 18
2026-03-08 17:54:23,635 [INFO] [Eval 17] Initializing on GPU 3...
2026-03-08 17:54:23,635 [INFO] [Eval 16] Initializing on GPU 2...
2026-03-08 17:54:23,638 [INFO] [Eval 15] Initializing on GPU 1...
2026-03-08 19:40:39,290 [INFO]   [+] Initial Sample 18/51 completed.
2026-03-08 19:40:56,719 [INFO]   [+] Initial Sample 16/51 completed.
2026-03-08 19:42:25,056 [INFO]   [+] Initial Sample 17/51 completed.
2026-03-08 19:42:26,215 [INFO] 
Starting Initial LHS Batch: Samples 19 to 21
2026-03-08 19:42:30,914 [INFO] [Eval 18] Initializing on GPU 1...
2026-03-08 19:42:30,937 [INFO] [Eval 20] Initializing on GPU 3...
2026-03-08 19:42:30,939 [INFO] [Eval 19] Initializing on GPU 2...
2026-03-08 21:29:25,672 [INFO]   [+] Initial Sample 19/51 completed.
2026-03-08 21:30:40,067 [INFO]   [+] Initial Sample 21/51 completed.
2026-03-08 21:31:16,845 [INFO]   [+] Initial Sample 20/51 completed.
2026-03-08 21:31:17,999 [INFO] 
Starting Initial LHS Batch: Samples 22 to 24
2026-03-08 21:31:22,747 [INFO] [Eval 21] Initializing on GPU 1...
2026-03-08 21:31:22,747 [INFO] [Eval 22] Initializing on GPU 2...
2026-03-08 21:31:22,775 [INFO] [Eval 23] Initializing on GPU 3...
2026-03-08 23:18:43,172 [INFO]   [+] Initial Sample 24/51 completed.
2026-03-08 23:19:11,726 [INFO]   [+] Initial Sample 22/51 completed.
2026-03-08 23:20:17,536 [INFO]   [+] Initial Sample 23/51 completed.
2026-03-08 23:20:18,716 [INFO] 
Starting Initial LHS Batch: Samples 25 to 27
2026-03-08 23:20:23,479 [INFO] [Eval 25] Initializing on GPU 2...
2026-03-08 23:20:23,497 [INFO] [Eval 26] Initializing on GPU 3...
2026-03-08 23:20:23,515 [INFO] [Eval 24] Initializing on GPU 1...
2026-03-09 01:08:20,701 [INFO]   [+] Initial Sample 27/51 completed.
2026-03-09 01:08:50,308 [INFO]   [+] Initial Sample 25/51 completed.
2026-03-09 01:09:06,303 [INFO]   [+] Initial Sample 26/51 completed.
2026-03-09 01:09:07,488 [INFO] 
Starting Initial LHS Batch: Samples 28 to 30
2026-03-09 01:09:12,267 [INFO] [Eval 28] Initializing on GPU 2...
2026-03-09 01:09:12,277 [INFO] [Eval 27] Initializing on GPU 1...
2026-03-09 01:09:12,278 [INFO] [Eval 29] Initializing on GPU 3...
2026-03-09 02:56:04,325 [INFO]   [+] Initial Sample 30/51 completed.
2026-03-09 02:57:28,568 [INFO]   [+] Initial Sample 29/51 completed.
2026-03-09 02:57:28,806 [INFO]   [+] Initial Sample 28/51 completed.
2026-03-09 02:57:29,974 [INFO] 
Starting Initial LHS Batch: Samples 31 to 33
2026-03-09 02:57:34,729 [INFO] [Eval 30] Initializing on GPU 1...
2026-03-09 02:57:34,770 [INFO] [Eval 32] Initializing on GPU 3...
2026-03-09 02:57:34,771 [INFO] [Eval 31] Initializing on GPU 2...
2026-03-09 04:43:31,230 [INFO]   [+] Initial Sample 31/51 completed.
2026-03-09 04:43:48,198 [INFO]   [+] Initial Sample 32/51 completed.
2026-03-09 04:45:12,402 [INFO]   [+] Initial Sample 33/51 completed.
2026-03-09 04:45:13,581 [INFO] 
Starting Initial LHS Batch: Samples 34 to 36
2026-03-09 04:45:18,351 [INFO] [Eval 33] Initializing on GPU 1...
2026-03-09 04:45:18,353 [INFO] [Eval 34] Initializing on GPU 2...
2026-03-09 04:45:18,368 [INFO] [Eval 35] Initializing on GPU 3...
2026-03-09 06:32:37,942 [INFO]   [+] Initial Sample 34/51 completed.
2026-03-09 06:32:39,444 [INFO]   [+] Initial Sample 35/51 completed.
2026-03-09 06:34:24,813 [INFO]   [+] Initial Sample 36/51 completed.
2026-03-09 06:34:25,973 [INFO] 
Starting Initial LHS Batch: Samples 37 to 39
2026-03-09 06:34:30,708 [INFO] [Eval 37] Initializing on GPU 2...
2026-03-09 06:34:30,712 [INFO] [Eval 36] Initializing on GPU 1...
2026-03-09 06:34:30,735 [INFO] [Eval 38] Initializing on GPU 3...
2026-03-09 08:19:31,458 [INFO]   [+] Initial Sample 38/51 completed.
2026-03-09 08:22:02,283 [INFO]   [+] Initial Sample 39/51 completed.
2026-03-09 08:23:20,074 [INFO]   [+] Initial Sample 37/51 completed.
2026-03-09 08:23:21,239 [INFO] 
Starting Initial LHS Batch: Samples 40 to 42
2026-03-09 08:23:26,003 [INFO] [Eval 39] Initializing on GPU 1...
2026-03-09 08:23:26,050 [INFO] [Eval 41] Initializing on GPU 3...
2026-03-09 08:23:26,050 [INFO] [Eval 40] Initializing on GPU 2...
2026-03-09 10:11:11,406 [INFO]   [+] Initial Sample 40/51 completed.
2026-03-09 10:12:20,702 [INFO]   [+] Initial Sample 41/51 completed.
2026-03-09 10:12:56,577 [INFO]   [+] Initial Sample 42/51 completed.
2026-03-09 10:12:57,749 [INFO] 
Starting Initial LHS Batch: Samples 43 to 45
2026-03-09 10:13:02,571 [INFO] [Eval 42] Initializing on GPU 1...
2026-03-09 10:13:02,590 [INFO] [Eval 44] Initializing on GPU 3...
2026-03-09 10:13:02,604 [INFO] [Eval 43] Initializing on GPU 2...
2026-03-09 12:00:59,131 [INFO]   [+] Initial Sample 45/51 completed.
2026-03-09 12:01:48,195 [INFO]   [+] Initial Sample 43/51 completed.
2026-03-09 12:03:53,135 [INFO]   [+] Initial Sample 44/51 completed.
2026-03-09 12:03:54,298 [INFO] 
Starting Initial LHS Batch: Samples 46 to 48
2026-03-09 12:03:58,954 [INFO] [Eval 45] Initializing on GPU 1...
2026-03-09 12:03:59,062 [INFO] [Eval 47] Initializing on GPU 3...
2026-03-09 12:03:59,062 [INFO] [Eval 46] Initializing on GPU 2...
2026-03-09 13:51:25,634 [INFO]   [+] Initial Sample 47/51 completed.
2026-03-09 13:52:03,281 [INFO]   [+] Initial Sample 48/51 completed.
2026-03-09 13:52:40,262 [INFO]   [+] Initial Sample 46/51 completed.
2026-03-09 13:52:41,464 [INFO] 
Starting Initial LHS Batch: Samples 49 to 51
2026-03-09 13:52:46,213 [INFO] [Eval 48] Initializing on GPU 1...
2026-03-09 13:52:46,280 [INFO] [Eval 49] Initializing on GPU 2...
2026-03-09 13:52:46,281 [INFO] [Eval 50] Initializing on GPU 3...
2026-03-09 15:39:18,068 [INFO]   [+] Initial Sample 49/51 completed.
2026-03-09 15:39:48,194 [INFO]   [+] Initial Sample 51/51 completed.
2026-03-09 15:39:49,167 [INFO]   [+] Initial Sample 50/51 completed.
2026-03-09 15:39:50,357 [INFO] Saved Initial LHS dataset to bo_checkpoint_iter_0.pt
2026-03-09 15:39:50,357 [INFO] 
========================================
2026-03-09 15:39:50,357 [INFO]  BO ITERATION 18 / 30
2026-03-09 15:39:50,357 [INFO] ========================================
2026-03-09 15:39:50,357 [INFO] Training GP Models...
2026-03-09 15:39:54,767 [INFO] Solving Mixed Acquisition Function for 3 candidates...
2026-03-09 16:03:49,297 [INFO]   -> Acquisition Function Value (qLogEHVI): -0.6042
2026-03-09 16:03:49,297 [INFO] Dispatching physics simulations to GPUs...
2026-03-09 16:03:54,124 [INFO] [Eval 53] Initializing on GPU 3...
2026-03-09 16:03:54,124 [INFO] [Eval 51] Initializing on GPU 1...
2026-03-09 16:03:54,128 [INFO] [Eval 52] Initializing on GPU 2...
2026-03-09 17:50:47,600 [INFO]   [+] BO Task 00 (GPU 1) finished.
2026-03-09 17:50:50,841 [INFO]   [+] BO Task 02 (GPU 3) finished.
2026-03-09 17:51:35,166 [INFO]   [+] BO Task 01 (GPU 2) finished.
2026-03-09 17:51:36,379 [INFO] Iteration complete. Data saved.
2026-03-09 17:51:36,380 [INFO] 
========================================
2026-03-09 17:51:36,380 [INFO]  BO ITERATION 19 / 30
2026-03-09 17:51:36,380 [INFO] ========================================
2026-03-09 17:51:36,380 [INFO] Training GP Models...
2026-03-09 17:51:41,131 [INFO] Solving Mixed Acquisition Function for 3 candidates...
2026-03-09 18:10:53,672 [INFO]   -> Acquisition Function Value (qLogEHVI): -1.4839
2026-03-09 18:10:53,672 [INFO] Dispatching physics simulations to GPUs...
2026-03-09 18:10:58,543 [INFO] [Eval 56] Initializing on GPU 3...
2026-03-09 18:10:58,543 [INFO] [Eval 54] Initializing on GPU 1...
2026-03-09 18:10:58,576 [INFO] [Eval 55] Initializing on GPU 2...
2026-03-09 19:56:41,990 [INFO]   [+] BO Task 00 (GPU 1) finished.
2026-03-09 19:57:48,083 [INFO]   [+] BO Task 02 (GPU 3) finished.
2026-03-09 19:58:07,236 [INFO]   [+] BO Task 01 (GPU 2) finished.
2026-03-09 19:58:08,403 [INFO] Iteration complete. Data saved.
2026-03-09 19:58:08,403 [INFO] 
========================================
2026-03-09 19:58:08,403 [INFO]  BO ITERATION 20 / 30
2026-03-09 19:58:08,403 [INFO] ========================================
2026-03-09 19:58:08,403 [INFO] Training GP Models...
2026-03-09 19:58:12,774 [INFO] Solving Mixed Acquisition Function for 3 candidates...
2026-03-09 20:16:54,914 [INFO]   -> Acquisition Function Value (qLogEHVI): -2.0244
2026-03-09 20:16:54,914 [INFO] Dispatching physics simulations to GPUs...
2026-03-09 20:16:59,678 [INFO] [Eval 58] Initializing on GPU 2...
2026-03-09 20:16:59,704 [INFO] [Eval 59] Initializing on GPU 3...
2026-03-09 20:16:59,734 [INFO] [Eval 57] Initializing on GPU 1...
2026-03-09 22:03:12,654 [INFO]   [+] BO Task 00 (GPU 1) finished.
2026-03-09 22:03:30,496 [INFO]   [+] BO Task 01 (GPU 2) finished.
2026-03-09 22:04:07,619 [INFO]   [+] BO Task 02 (GPU 3) finished.
2026-03-09 22:04:08,793 [INFO] Iteration complete. Data saved.
2026-03-09 22:04:08,794 [INFO] 
========================================
2026-03-09 22:04:08,794 [INFO]  BO ITERATION 21 / 30
2026-03-09 22:04:08,794 [INFO] ========================================
2026-03-09 22:04:08,794 [INFO] Training GP Models...
2026-03-09 22:04:14,207 [INFO] Solving Mixed Acquisition Function for 3 candidates...
2026-03-09 22:22:16,744 [INFO]   -> Acquisition Function Value (qLogEHVI): -2.1522
2026-03-09 22:22:16,745 [INFO] Dispatching physics simulations to GPUs...
2026-03-09 22:22:21,607 [INFO] [Eval 61] Initializing on GPU 2...
2026-03-09 22:22:21,608 [INFO] [Eval 60] Initializing on GPU 1...
2026-03-09 22:22:21,632 [INFO] [Eval 62] Initializing on GPU 3...
2026-03-10 00:08:45,321 [INFO]   [+] BO Task 00 (GPU 1) finished.
2026-03-10 00:09:16,418 [INFO]   [+] BO Task 01 (GPU 2) finished.
2026-03-10 00:09:25,830 [INFO]   [+] BO Task 02 (GPU 3) finished.
2026-03-10 00:09:27,000 [INFO] Iteration complete. Data saved.
2026-03-10 00:09:27,000 [INFO] 
========================================
2026-03-10 00:09:27,000 [INFO]  BO ITERATION 22 / 30
2026-03-10 00:09:27,000 [INFO] ========================================
2026-03-10 00:09:27,001 [INFO] Training GP Models...
2026-03-10 00:09:32,307 [INFO] Solving Mixed Acquisition Function for 3 candidates...
2026-03-10 00:25:21,518 [INFO]   -> Acquisition Function Value (qLogEHVI): -2.7975
2026-03-10 00:25:21,518 [INFO] Dispatching physics simulations to GPUs...
2026-03-10 00:25:26,271 [INFO] [Eval 63] Initializing on GPU 1...
2026-03-10 00:25:26,306 [INFO] [Eval 64] Initializing on GPU 2...
2026-03-10 00:25:26,328 [INFO] [Eval 65] Initializing on GPU 3...
2026-03-10 02:11:17,907 [INFO]   [+] BO Task 00 (GPU 1) finished.
2026-03-10 02:12:31,121 [INFO]   [+] BO Task 01 (GPU 2) finished.
2026-03-10 02:13:02,977 [INFO]   [+] BO Task 02 (GPU 3) finished.
2026-03-10 02:13:04,151 [INFO] Iteration complete. Data saved.
2026-03-10 02:13:04,151 [INFO] 
========================================
2026-03-10 02:13:04,151 [INFO]  BO ITERATION 23 / 30
2026-03-10 02:13:04,151 [INFO] ========================================
2026-03-10 02:13:04,151 [INFO] Training GP Models...
2026-03-10 02:13:10,973 [INFO] Solving Mixed Acquisition Function for 3 candidates...
2026-03-10 02:24:15,375 [INFO]   -> Acquisition Function Value (qLogEHVI): -3.2439
2026-03-10 02:24:15,375 [INFO] Dispatching physics simulations to GPUs...
2026-03-10 02:24:20,113 [INFO] [Eval 66] Initializing on GPU 1...
2026-03-10 02:24:20,147 [INFO] [Eval 67] Initializing on GPU 2...
2026-03-10 02:24:20,149 [INFO] [Eval 68] Initializing on GPU 3...
2026-03-10 04:10:16,580 [INFO]   [+] BO Task 00 (GPU 1) finished.
2026-03-10 04:11:18,851 [INFO]   [+] BO Task 01 (GPU 2) finished.
2026-03-10 04:11:57,442 [INFO]   [+] BO Task 02 (GPU 3) finished.
2026-03-10 04:11:58,621 [INFO] Iteration complete. Data saved.
2026-03-10 04:11:58,621 [INFO] 
========================================
2026-03-10 04:11:58,622 [INFO]  BO ITERATION 24 / 30
2026-03-10 04:11:58,622 [INFO] ========================================
2026-03-10 04:11:58,622 [INFO] Training GP Models...
2026-03-10 04:12:04,739 [INFO] Solving Mixed Acquisition Function for 3 candidates...
2026-03-10 04:22:57,226 [INFO]   -> Acquisition Function Value (qLogEHVI): -3.5021
2026-03-10 04:22:57,226 [INFO] Dispatching physics simulations to GPUs...
2026-03-10 04:23:01,851 [INFO] [Eval 69] Initializing on GPU 1...
2026-03-10 04:23:02,003 [INFO] [Eval 70] Initializing on GPU 2...
2026-03-10 04:23:02,003 [INFO] [Eval 71] Initializing on GPU 3...
2026-03-10 06:09:26,673 [INFO]   [+] BO Task 00 (GPU 1) finished.
2026-03-10 06:09:56,647 [INFO]   [+] BO Task 01 (GPU 2) finished.
2026-03-10 06:10:11,384 [INFO]   [+] BO Task 02 (GPU 3) finished.
2026-03-10 06:10:12,545 [INFO] Iteration complete. Data saved.
2026-03-10 06:10:12,545 [INFO] 
========================================
2026-03-10 06:10:12,545 [INFO]  BO ITERATION 25 / 30
2026-03-10 06:10:12,545 [INFO] ========================================
2026-03-10 06:10:12,545 [INFO] Training GP Models...
2026-03-10 06:10:20,247 [INFO] Solving Mixed Acquisition Function for 3 candidates...
2026-03-10 06:21:48,981 [INFO]   -> Acquisition Function Value (qLogEHVI): -3.1005
2026-03-10 06:21:48,981 [INFO] Dispatching physics simulations to GPUs...
2026-03-10 06:21:53,589 [INFO] [Eval 72] Initializing on GPU 1...
2026-03-10 06:21:53,704 [INFO] [Eval 74] Initializing on GPU 3...
2026-03-10 06:21:53,704 [INFO] [Eval 73] Initializing on GPU 2...
2026-03-10 08:08:21,260 [INFO]   [+] BO Task 01 (GPU 2) finished.
2026-03-10 08:08:40,752 [INFO]   [+] BO Task 00 (GPU 1) finished.
2026-03-10 08:08:51,235 [INFO]   [+] BO Task 02 (GPU 3) finished.
2026-03-10 08:08:52,406 [INFO] Iteration complete. Data saved.
2026-03-10 08:08:52,406 [INFO] 
========================================
2026-03-10 08:08:52,406 [INFO]  BO ITERATION 26 / 30
2026-03-10 08:08:52,406 [INFO] ========================================
2026-03-10 08:08:52,406 [INFO] Training GP Models...
2026-03-10 08:08:59,324 [INFO] Solving Mixed Acquisition Function for 3 candidates...
2026-03-10 08:22:48,574 [INFO]   -> Acquisition Function Value (qLogEHVI): -2.7428
2026-03-10 08:22:48,574 [INFO] Dispatching physics simulations to GPUs...
2026-03-10 08:22:53,316 [INFO] [Eval 76] Initializing on GPU 2...
2026-03-10 08:22:53,350 [INFO] [Eval 75] Initializing on GPU 1...
2026-03-10 08:22:53,353 [INFO] [Eval 77] Initializing on GPU 3...
2026-03-10 10:08:50,653 [INFO]   [+] BO Task 00 (GPU 1) finished.
2026-03-10 10:11:04,513 [INFO]   [+] BO Task 02 (GPU 3) finished.
2026-03-10 10:11:40,705 [INFO]   [+] BO Task 01 (GPU 2) finished.
2026-03-10 10:11:41,874 [INFO] Iteration complete. Data saved.
2026-03-10 10:11:41,874 [INFO] 
========================================
2026-03-10 10:11:41,874 [INFO]  BO ITERATION 27 / 30
2026-03-10 10:11:41,875 [INFO] ========================================
2026-03-10 10:11:41,875 [INFO] Training GP Models...
2026-03-10 10:11:47,628 [INFO] Solving Mixed Acquisition Function for 3 candidates...
2026-03-10 10:31:33,745 [INFO]   -> Acquisition Function Value (qLogEHVI): -2.0597
2026-03-10 10:31:33,745 [INFO] Dispatching physics simulations to GPUs...
2026-03-10 10:31:38,433 [INFO] [Eval 79] Initializing on GPU 2...
2026-03-10 10:31:38,503 [INFO] [Eval 78] Initializing on GPU 1...
2026-03-10 10:31:38,518 [INFO] [Eval 80] Initializing on GPU 3...
2026-03-10 12:18:13,632 [INFO]   [+] BO Task 01 (GPU 2) finished.
2026-03-10 12:18:32,914 [INFO]   [+] BO Task 02 (GPU 3) finished.
2026-03-10 12:18:53,654 [INFO]   [+] BO Task 00 (GPU 1) finished.
2026-03-10 12:18:54,821 [INFO] Iteration complete. Data saved.
2026-03-10 12:18:54,821 [INFO] 
========================================
2026-03-10 12:18:54,821 [INFO]  BO ITERATION 28 / 30
2026-03-10 12:18:54,821 [INFO] ========================================
2026-03-10 12:18:54,821 [INFO] Training GP Models...
2026-03-10 12:19:00,204 [INFO] Solving Mixed Acquisition Function for 3 candidates...
2026-03-10 12:33:24,306 [INFO]   -> Acquisition Function Value (qLogEHVI): -1.9284
2026-03-10 12:33:24,306 [INFO] Dispatching physics simulations to GPUs...
2026-03-10 12:33:29,078 [INFO] [Eval 83] Initializing on GPU 3...
2026-03-10 12:33:29,078 [INFO] [Eval 81] Initializing on GPU 1...
2026-03-10 12:33:29,079 [INFO] [Eval 82] Initializing on GPU 2...
2026-03-10 14:19:44,840 [INFO]   [+] BO Task 00 (GPU 1) finished.
2026-03-10 14:20:39,030 [INFO]   [+] BO Task 02 (GPU 3) finished.
2026-03-10 14:20:50,443 [INFO]   [+] BO Task 01 (GPU 2) finished.
2026-03-10 14:20:51,630 [INFO] Iteration complete. Data saved.
2026-03-10 14:20:51,630 [INFO] 
========================================
2026-03-10 14:20:51,630 [INFO]  BO ITERATION 29 / 30
2026-03-10 14:20:51,630 [INFO] ========================================
2026-03-10 14:20:51,630 [INFO] Training GP Models...
2026-03-10 14:20:58,921 [INFO] Solving Mixed Acquisition Function for 3 candidates...
2026-03-10 14:31:53,255 [INFO]   -> Acquisition Function Value (qLogEHVI): -3.0086
2026-03-10 14:31:53,255 [INFO] Dispatching physics simulations to GPUs...
2026-03-10 14:31:58,008 [INFO] [Eval 85] Initializing on GPU 2...
2026-03-10 14:31:58,023 [INFO] [Eval 84] Initializing on GPU 1...
2026-03-10 14:31:58,045 [INFO] [Eval 86] Initializing on GPU 3...
2026-03-10 16:18:39,593 [INFO]   [+] BO Task 01 (GPU 2) finished.
2026-03-10 16:20:11,035 [INFO]   [+] BO Task 00 (GPU 1) finished.
2026-03-10 16:20:12,552 [INFO]   [+] BO Task 02 (GPU 3) finished.
2026-03-10 16:20:13,744 [INFO] Iteration complete. Data saved.
2026-03-10 16:20:13,744 [INFO] 
========================================
2026-03-10 16:20:13,744 [INFO]  BO ITERATION 30 / 30
2026-03-10 16:20:13,744 [INFO] ========================================
2026-03-10 16:20:13,744 [INFO] Training GP Models...
2026-03-10 16:20:19,188 [INFO] Solving Mixed Acquisition Function for 3 candidates...
2026-03-10 16:29:41,704 [INFO]   -> Acquisition Function Value (qLogEHVI): -0.7667
2026-03-10 16:29:41,704 [INFO] Dispatching physics simulations to GPUs...
2026-03-10 16:29:46,470 [INFO] [Eval 87] Initializing on GPU 1...
2026-03-10 16:29:46,507 [INFO] [Eval 89] Initializing on GPU 3...
2026-03-10 16:29:46,509 [INFO] [Eval 88] Initializing on GPU 2...
2026-03-10 18:16:33,118 [INFO]   [+] BO Task 00 (GPU 1) finished.
2026-03-10 18:16:44,460 [INFO]   [+] BO Task 01 (GPU 2) finished.
2026-03-10 18:17:02,192 [INFO]   [+] BO Task 02 (GPU 3) finished.
2026-03-10 18:17:03,377 [INFO] Iteration complete. Data saved.
2026-03-11 09:43:16,888 [INFO] 
--- WARM START: RESUMING FROM bo_checkpoint_iter_30.pt ---
2026-03-11 09:43:16,889 [INFO] Loaded 90 previous evaluations.
2026-03-11 09:43:16,889 [INFO] 
========================================
2026-03-11 09:43:16,889 [INFO]  BO ITERATION 31 / 50
2026-03-11 09:43:16,889 [INFO] ========================================
2026-03-11 09:43:16,889 [INFO] Training GP Models...
2026-03-11 09:43:26,145 [INFO] Solving Mixed Acquisition Function for 3 candidates...
2026-03-11 09:53:06,140 [INFO]   -> Acquisition Function Value (qLogEHVI): -1.9168
2026-03-11 09:53:06,141 [INFO] Dispatching physics simulations to GPUs...
2026-03-11 09:53:10,915 [INFO] [Eval 91] Initializing on GPU 2...
2026-03-11 09:53:10,917 [INFO] [Eval 90] Initializing on GPU 1...
2026-03-11 09:53:10,932 [INFO] [Eval 92] Initializing on GPU 3...
2026-03-11 11:39:37,367 [INFO]   [+] BO Task 00 (GPU 1) finished.
2026-03-11 11:39:47,854 [INFO]   [+] BO Task 01 (GPU 2) finished.
2026-03-11 11:39:58,564 [INFO]   [+] BO Task 02 (GPU 3) finished.
2026-03-11 11:39:59,715 [INFO] Iteration complete. Data saved.
2026-03-11 11:39:59,715 [INFO] 
========================================
2026-03-11 11:39:59,715 [INFO]  BO ITERATION 32 / 50
2026-03-11 11:39:59,715 [INFO] ========================================
2026-03-11 11:39:59,715 [INFO] Training GP Models...
2026-03-11 11:40:11,034 [INFO] Solving Mixed Acquisition Function for 3 candidates...
2026-03-11 11:50:52,806 [INFO]   -> Acquisition Function Value (qLogEHVI): -2.7291
2026-03-11 11:50:52,807 [INFO] Dispatching physics simulations to GPUs...
2026-03-11 11:50:57,630 [INFO] [Eval 94] Initializing on GPU 2...
2026-03-11 11:50:57,631 [INFO] [Eval 93] Initializing on GPU 1...
2026-03-11 11:50:57,670 [INFO] [Eval 95] Initializing on GPU 3...
2026-03-11 13:37:31,681 [INFO]   [+] BO Task 00 (GPU 1) finished.
2026-03-11 13:37:39,774 [INFO]   [+] BO Task 01 (GPU 2) finished.
2026-03-11 13:37:48,442 [INFO]   [+] BO Task 02 (GPU 3) finished.
2026-03-11 13:37:49,578 [INFO] Iteration complete. Data saved.
2026-03-11 13:37:49,578 [INFO] 
========================================
2026-03-11 13:37:49,578 [INFO]  BO ITERATION 33 / 50
2026-03-11 13:37:49,578 [INFO] ========================================
2026-03-11 13:37:49,578 [INFO] Training GP Models...
2026-03-11 13:37:59,108 [INFO] Solving Mixed Acquisition Function for 3 candidates...
2026-03-11 13:51:56,288 [INFO]   -> Acquisition Function Value (qLogEHVI): -3.3392
2026-03-11 13:51:56,288 [INFO] Dispatching physics simulations to GPUs...
2026-03-11 13:52:00,935 [INFO] [Eval 96] Initializing on GPU 1...
2026-03-11 13:52:01,021 [INFO] [Eval 97] Initializing on GPU 2...
2026-03-11 13:52:01,039 [INFO] [Eval 98] Initializing on GPU 3...
2026-03-11 15:38:08,002 [INFO]   [+] BO Task 00 (GPU 1) finished.
2026-03-11 15:39:06,482 [INFO]   [+] BO Task 02 (GPU 3) finished.
2026-03-11 15:39:31,904 [INFO]   [+] BO Task 01 (GPU 2) finished.
2026-03-11 15:39:33,079 [INFO] Iteration complete. Data saved.
2026-03-11 15:39:33,079 [INFO] 
========================================
2026-03-11 15:39:33,080 [INFO]  BO ITERATION 34 / 50
2026-03-11 15:39:33,080 [INFO] ========================================
2026-03-11 15:39:33,080 [INFO] Training GP Models...
2026-03-11 15:39:43,431 [INFO] Solving Mixed Acquisition Function for 3 candidates...
2026-03-11 15:55:15,559 [INFO]   -> Acquisition Function Value (qLogEHVI): -3.4360
2026-03-11 15:55:15,559 [INFO] Dispatching physics simulations to GPUs...
2026-03-11 15:55:20,209 [INFO] [Eval 99] Initializing on GPU 1...
2026-03-11 15:55:20,263 [INFO] [Eval 101] Initializing on GPU 3...
2026-03-11 15:55:20,285 [INFO] [Eval 100] Initializing on GPU 2...
2026-03-11 17:41:15,616 [INFO]   [+] BO Task 00 (GPU 1) finished.
2026-03-11 17:41:55,015 [INFO]   [+] BO Task 01 (GPU 2) finished.
2026-03-11 17:42:32,597 [INFO]   [+] BO Task 02 (GPU 3) finished.
2026-03-11 17:42:33,774 [INFO] Iteration complete. Data saved.
2026-03-11 17:42:33,774 [INFO] 
========================================
2026-03-11 17:42:33,774 [INFO]  BO ITERATION 35 / 50
2026-03-11 17:42:33,774 [INFO] ========================================
2026-03-11 17:42:33,774 [INFO] Training GP Models...
2026-03-11 17:42:39,764 [INFO] Solving Mixed Acquisition Function for 3 candidates...
2026-03-11 17:50:29,635 [INFO]   -> Acquisition Function Value (qLogEHVI): -2.2043
2026-03-11 17:50:29,635 [INFO] Dispatching physics simulations to GPUs...
2026-03-11 17:50:34,424 [INFO] [Eval 104] Initializing on GPU 3...
2026-03-11 17:50:34,424 [INFO] [Eval 102] Initializing on GPU 1...
2026-03-11 17:50:34,464 [INFO] [Eval 103] Initializing on GPU 2...
2026-03-11 19:36:48,355 [INFO]   [+] BO Task 00 (GPU 1) finished.
2026-03-11 19:36:55,298 [INFO]   [+] BO Task 01 (GPU 2) finished.
2026-03-11 19:37:38,635 [INFO]   [+] BO Task 02 (GPU 3) finished.
2026-03-11 19:37:39,843 [INFO] Iteration complete. Data saved.
2026-03-11 19:37:39,843 [INFO] 
========================================
2026-03-11 19:37:39,843 [INFO]  BO ITERATION 36 / 50
2026-03-11 19:37:39,844 [INFO] ========================================
2026-03-11 19:37:39,844 [INFO] Training GP Models...
2026-03-11 19:37:45,381 [INFO] Solving Mixed Acquisition Function for 3 candidates...
2026-03-11 19:44:54,084 [INFO]   -> Acquisition Function Value (qLogEHVI): -2.6547
2026-03-11 19:44:54,085 [INFO] Dispatching physics simulations to GPUs...
2026-03-11 19:44:58,848 [INFO] [Eval 106] Initializing on GPU 2...
2026-03-11 19:44:58,851 [INFO] [Eval 107] Initializing on GPU 3...
2026-03-11 19:44:58,856 [INFO] [Eval 105] Initializing on GPU 1...
2026-03-11 21:30:50,927 [INFO]   [+] BO Task 00 (GPU 1) finished.
2026-03-11 21:31:39,315 [INFO]   [+] BO Task 02 (GPU 3) finished.
2026-03-11 21:31:42,554 [INFO]   [+] BO Task 01 (GPU 2) finished.
2026-03-11 21:31:43,709 [INFO] Iteration complete. Data saved.
2026-03-11 21:31:43,709 [INFO] 
========================================
2026-03-11 21:31:43,709 [INFO]  BO ITERATION 37 / 50
2026-03-11 21:31:43,710 [INFO] ========================================
2026-03-11 21:31:43,710 [INFO] Training GP Models...
2026-03-11 21:31:47,032 [INFO] Solving Mixed Acquisition Function for 3 candidates...
2026-03-11 21:41:22,223 [INFO]   -> Acquisition Function Value (qLogEHVI): -3.1413
2026-03-11 21:41:22,223 [INFO] Dispatching physics simulations to GPUs...
2026-03-11 21:41:26,884 [INFO] [Eval 109] Initializing on GPU 2...
2026-03-11 21:41:26,982 [INFO] [Eval 110] Initializing on GPU 3...
2026-03-11 21:41:26,982 [INFO] [Eval 108] Initializing on GPU 1...
2026-03-11 23:27:17,554 [INFO]   [+] BO Task 00 (GPU 1) finished.
2026-03-11 23:28:25,051 [INFO]   [+] BO Task 02 (GPU 3) finished.
2026-03-11 23:30:32,846 [INFO]   [+] BO Task 01 (GPU 2) finished.
2026-03-11 23:30:34,029 [INFO] Iteration complete. Data saved.
2026-03-11 23:30:34,029 [INFO] 
========================================
2026-03-11 23:30:34,029 [INFO]  BO ITERATION 38 / 50
2026-03-11 23:30:34,029 [INFO] ========================================
2026-03-11 23:30:34,029 [INFO] Training GP Models...
2026-03-11 23:30:42,209 [INFO] Solving Mixed Acquisition Function for 3 candidates...
2026-03-11 23:44:29,171 [INFO]   -> Acquisition Function Value (qLogEHVI): -2.4938
2026-03-11 23:44:29,172 [INFO] Dispatching physics simulations to GPUs...
2026-03-11 23:44:33,938 [INFO] [Eval 113] Initializing on GPU 3...
2026-03-11 23:44:33,939 [INFO] [Eval 111] Initializing on GPU 1...
2026-03-11 23:44:33,940 [INFO] [Eval 112] Initializing on GPU 2...
2026-03-12 01:31:06,743 [INFO]   [+] BO Task 02 (GPU 3) finished.
2026-03-12 01:31:09,127 [INFO]   [+] BO Task 00 (GPU 1) finished.
2026-03-12 01:31:22,998 [INFO]   [+] BO Task 01 (GPU 2) finished.
2026-03-12 01:31:24,181 [INFO] Iteration complete. Data saved.
2026-03-12 01:31:24,181 [INFO] 
========================================
2026-03-12 01:31:24,181 [INFO]  BO ITERATION 39 / 50
2026-03-12 01:31:24,181 [INFO] ========================================
2026-03-12 01:31:24,181 [INFO] Training GP Models...
2026-03-12 01:31:36,415 [INFO] Solving Mixed Acquisition Function for 3 candidates...
2026-03-12 01:47:07,512 [INFO]   -> Acquisition Function Value (qLogEHVI): -3.3187
2026-03-12 01:47:07,513 [INFO] Dispatching physics simulations to GPUs...
2026-03-12 01:47:12,269 [INFO] [Eval 115] Initializing on GPU 2...
2026-03-12 01:47:12,282 [INFO] [Eval 114] Initializing on GPU 1...
2026-03-12 01:47:12,316 [INFO] [Eval 116] Initializing on GPU 3...
2026-03-12 03:33:21,266 [INFO]   [+] BO Task 00 (GPU 1) finished.
2026-03-12 03:34:02,430 [INFO]   [+] BO Task 02 (GPU 3) finished.
2026-03-12 03:34:02,623 [INFO]   [+] BO Task 01 (GPU 2) finished.
2026-03-12 03:34:03,787 [INFO] Iteration complete. Data saved.
2026-03-12 03:34:03,787 [INFO] 
========================================
2026-03-12 03:34:03,787 [INFO]  BO ITERATION 40 / 50
2026-03-12 03:34:03,787 [INFO] ========================================
2026-03-12 03:34:03,787 [INFO] Training GP Models...
2026-03-12 03:34:10,611 [INFO] Solving Mixed Acquisition Function for 3 candidates...
2026-03-12 03:45:15,184 [INFO]   -> Acquisition Function Value (qLogEHVI): -3.0574
2026-03-12 03:45:15,184 [INFO] Dispatching physics simulations to GPUs...
2026-03-12 03:45:20,003 [INFO] [Eval 117] Initializing on GPU 1...
2026-03-12 03:45:20,018 [INFO] [Eval 118] Initializing on GPU 2...
2026-03-12 03:45:20,046 [INFO] [Eval 119] Initializing on GPU 3...
2026-03-12 05:31:38,983 [INFO]   [+] BO Task 00 (GPU 1) finished.
2026-03-12 05:32:15,614 [INFO]   [+] BO Task 01 (GPU 2) finished.
2026-03-12 05:32:25,176 [INFO]   [+] BO Task 02 (GPU 3) finished.
2026-03-12 05:32:26,344 [INFO] Iteration complete. Data saved.
2026-03-12 05:32:26,344 [INFO] 
========================================
2026-03-12 05:32:26,344 [INFO]  BO ITERATION 41 / 50
2026-03-12 05:32:26,344 [INFO] ========================================
2026-03-12 05:32:26,344 [INFO] Training GP Models...
2026-03-12 05:32:35,642 [INFO] Solving Mixed Acquisition Function for 3 candidates...
2026-03-12 05:43:19,559 [INFO]   -> Acquisition Function Value (qLogEHVI): -3.2869
2026-03-12 05:43:19,559 [INFO] Dispatching physics simulations to GPUs...
2026-03-12 05:43:24,287 [INFO] [Eval 122] Initializing on GPU 3...
2026-03-12 05:43:24,317 [INFO] [Eval 120] Initializing on GPU 1...
2026-03-12 05:43:24,334 [INFO] [Eval 121] Initializing on GPU 2...
2026-03-12 07:29:13,401 [INFO]   [+] BO Task 00 (GPU 1) finished.
2026-03-12 07:29:42,148 [INFO]   [+] BO Task 01 (GPU 2) finished.
2026-03-12 07:30:19,970 [INFO]   [+] BO Task 02 (GPU 3) finished.
2026-03-12 07:30:21,150 [INFO] Iteration complete. Data saved.
2026-03-12 07:30:21,150 [INFO] 
========================================
2026-03-12 07:30:21,150 [INFO]  BO ITERATION 42 / 50
2026-03-12 07:30:21,151 [INFO] ========================================
2026-03-12 07:30:21,151 [INFO] Training GP Models...
2026-03-12 07:30:32,452 [INFO] Solving Mixed Acquisition Function for 3 candidates...
2026-03-12 07:42:10,692 [INFO]   -> Acquisition Function Value (qLogEHVI): -3.3010
2026-03-12 07:42:10,692 [INFO] Dispatching physics simulations to GPUs...
2026-03-12 07:42:15,459 [INFO] [Eval 124] Initializing on GPU 2...
2026-03-12 07:42:15,478 [INFO] [Eval 123] Initializing on GPU 1...
2026-03-12 07:42:15,488 [INFO] [Eval 125] Initializing on GPU 3...
2026-03-12 09:28:14,823 [INFO]   [+] BO Task 00 (GPU 1) finished.
2026-03-12 09:29:06,637 [INFO]   [+] BO Task 01 (GPU 2) finished.
2026-03-12 09:29:23,805 [INFO]   [+] BO Task 02 (GPU 3) finished.
2026-03-12 09:29:24,976 [INFO] Iteration complete. Data saved.
2026-03-12 09:29:24,976 [INFO] 
========================================
2026-03-12 09:29:24,976 [INFO]  BO ITERATION 43 / 50
2026-03-12 09:29:24,976 [INFO] ========================================
2026-03-12 09:29:24,977 [INFO] Training GP Models...
2026-03-12 09:29:33,822 [INFO] Solving Mixed Acquisition Function for 3 candidates...
2026-03-12 09:37:31,487 [INFO]   -> Acquisition Function Value (qLogEHVI): -3.3448
2026-03-12 09:37:31,487 [INFO] Dispatching physics simulations to GPUs...
2026-03-12 09:37:36,181 [INFO] [Eval 127] Initializing on GPU 2...
2026-03-12 09:37:36,211 [INFO] [Eval 126] Initializing on GPU 1...
2026-03-12 09:37:36,248 [INFO] [Eval 128] Initializing on GPU 3...
2026-03-12 11:23:37,796 [INFO]   [+] BO Task 00 (GPU 1) finished.
2026-03-12 11:24:06,688 [INFO]   [+] BO Task 01 (GPU 2) finished.
2026-03-12 11:24:35,157 [INFO]   [+] BO Task 02 (GPU 3) finished.
2026-03-12 11:24:36,322 [INFO] Iteration complete. Data saved.
2026-03-12 11:24:36,322 [INFO] 
========================================
2026-03-12 11:24:36,323 [INFO]  BO ITERATION 44 / 50
2026-03-12 11:24:36,323 [INFO] ========================================
2026-03-12 11:24:36,323 [INFO] Training GP Models...
2026-03-12 11:24:46,725 [INFO] Solving Mixed Acquisition Function for 3 candidates...
2026-03-12 11:33:21,773 [INFO]   -> Acquisition Function Value (qLogEHVI): -3.3973
2026-03-12 11:33:21,773 [INFO] Dispatching physics simulations to GPUs...
2026-03-12 11:33:26,525 [INFO] [Eval 129] Initializing on GPU 1...
2026-03-12 11:33:26,555 [INFO] [Eval 131] Initializing on GPU 3...
2026-03-12 11:33:26,556 [INFO] [Eval 130] Initializing on GPU 2...
2026-03-12 13:19:16,659 [INFO]   [+] BO Task 00 (GPU 1) finished.
2026-03-12 13:20:22,498 [INFO]   [+] BO Task 01 (GPU 2) finished.
2026-03-12 13:20:31,076 [INFO]   [+] BO Task 02 (GPU 3) finished.
2026-03-12 13:20:32,235 [INFO] Iteration complete. Data saved.
2026-03-12 13:20:32,235 [INFO] 
========================================
2026-03-12 13:20:32,235 [INFO]  BO ITERATION 45 / 50
2026-03-12 13:20:32,235 [INFO] ========================================
2026-03-12 13:20:32,235 [INFO] Training GP Models...
2026-03-12 13:20:49,403 [INFO] Solving Mixed Acquisition Function for 3 candidates...
2026-03-12 13:28:29,058 [INFO]   -> Acquisition Function Value (qLogEHVI): -3.6535
2026-03-12 13:28:29,058 [INFO] Dispatching physics simulations to GPUs...
2026-03-12 13:28:33,778 [INFO] [Eval 134] Initializing on GPU 3...
2026-03-12 13:28:33,788 [INFO] [Eval 133] Initializing on GPU 2...
2026-03-12 13:28:33,792 [INFO] [Eval 132] Initializing on GPU 1...
2026-03-12 15:14:21,009 [INFO]   [+] BO Task 01 (GPU 2) finished.
2026-03-12 15:15:00,396 [INFO]   [+] BO Task 00 (GPU 1) finished.
2026-03-12 15:15:32,690 [INFO]   [+] BO Task 02 (GPU 3) finished.
2026-03-12 15:15:33,849 [INFO] Iteration complete. Data saved.
2026-03-12 15:15:33,849 [INFO] 
========================================
2026-03-12 15:15:33,849 [INFO]  BO ITERATION 46 / 50
2026-03-12 15:15:33,849 [INFO] ========================================
2026-03-12 15:15:33,849 [INFO] Training GP Models...
2026-03-12 15:15:54,947 [INFO] Solving Mixed Acquisition Function for 3 candidates...
2026-03-12 15:26:08,992 [INFO]   -> Acquisition Function Value (qLogEHVI): -3.3262
2026-03-12 15:26:08,992 [INFO] Dispatching physics simulations to GPUs...
2026-03-12 15:26:13,679 [INFO] [Eval 135] Initializing on GPU 1...
2026-03-12 15:26:13,775 [INFO] [Eval 136] Initializing on GPU 2...
2026-03-12 15:26:13,789 [INFO] [Eval 137] Initializing on GPU 3...
2026-03-12 17:12:08,655 [INFO]   [+] BO Task 00 (GPU 1) finished.
2026-03-12 17:13:11,225 [INFO]   [+] BO Task 02 (GPU 3) finished.
2026-03-12 17:14:04,142 [INFO]   [+] BO Task 01 (GPU 2) finished.
2026-03-12 17:14:05,305 [INFO] Iteration complete. Data saved.
2026-03-12 17:14:05,305 [INFO] 
========================================
2026-03-12 17:14:05,306 [INFO]  BO ITERATION 47 / 50
2026-03-12 17:14:05,306 [INFO] ========================================
2026-03-12 17:14:05,306 [INFO] Training GP Models...
2026-03-12 17:14:20,911 [INFO] Solving Mixed Acquisition Function for 3 candidates...
2026-03-12 17:23:33,885 [INFO]   -> Acquisition Function Value (qLogEHVI): -3.5775
2026-03-12 17:23:33,885 [INFO] Dispatching physics simulations to GPUs...
2026-03-12 17:23:38,677 [INFO] [Eval 139] Initializing on GPU 2...
2026-03-12 17:23:38,703 [INFO] [Eval 138] Initializing on GPU 1...
2026-03-12 17:23:38,705 [INFO] [Eval 140] Initializing on GPU 3...
2026-03-12 19:09:38,719 [INFO]   [+] BO Task 00 (GPU 1) finished.
2026-03-12 19:10:21,382 [INFO]   [+] BO Task 02 (GPU 3) finished.
2026-03-12 19:10:39,982 [INFO]   [+] BO Task 01 (GPU 2) finished.
2026-03-12 19:10:41,159 [INFO] Iteration complete. Data saved.
2026-03-12 19:10:41,159 [INFO] 
========================================
2026-03-12 19:10:41,159 [INFO]  BO ITERATION 48 / 50
2026-03-12 19:10:41,159 [INFO] ========================================
2026-03-12 19:10:41,159 [INFO] Training GP Models...
2026-03-12 19:11:05,115 [INFO] Solving Mixed Acquisition Function for 3 candidates...
2026-03-12 19:16:52,468 [INFO]   -> Acquisition Function Value (qLogEHVI): -3.4494
2026-03-12 19:16:52,468 [INFO] Dispatching physics simulations to GPUs...
2026-03-12 19:16:57,181 [INFO] [Eval 141] Initializing on GPU 1...
2026-03-12 19:16:57,208 [INFO] [Eval 143] Initializing on GPU 3...
2026-03-12 19:16:57,212 [INFO] [Eval 142] Initializing on GPU 2...
2026-03-12 21:02:48,741 [INFO]   [+] BO Task 00 (GPU 1) finished.
2026-03-12 21:03:25,321 [INFO]   [+] BO Task 01 (GPU 2) finished.
2026-03-12 21:03:53,845 [INFO]   [+] BO Task 02 (GPU 3) finished.
2026-03-12 21:03:55,034 [INFO] Iteration complete. Data saved.
2026-03-12 21:03:55,034 [INFO] 
========================================
2026-03-12 21:03:55,034 [INFO]  BO ITERATION 49 / 50
2026-03-12 21:03:55,034 [INFO] ========================================
2026-03-12 21:03:55,034 [INFO] Training GP Models...
2026-03-12 21:04:12,840 [INFO] Solving Mixed Acquisition Function for 3 candidates...
2026-03-12 21:15:11,629 [INFO]   -> Acquisition Function Value (qLogEHVI): -3.8740
2026-03-12 21:15:11,629 [INFO] Dispatching physics simulations to GPUs...
2026-03-12 21:15:16,372 [INFO] [Eval 145] Initializing on GPU 2...
2026-03-12 21:15:16,384 [INFO] [Eval 144] Initializing on GPU 1...
2026-03-12 21:15:16,393 [INFO] [Eval 146] Initializing on GPU 3...
2026-03-12 23:01:09,632 [INFO]   [+] BO Task 01 (GPU 2) finished.
2026-03-12 23:01:35,758 [INFO]   [+] BO Task 00 (GPU 1) finished.
2026-03-12 23:02:13,539 [INFO]   [+] BO Task 02 (GPU 3) finished.
2026-03-12 23:02:14,703 [INFO] Iteration complete. Data saved.
2026-03-12 23:02:14,703 [INFO] 
========================================
2026-03-12 23:02:14,704 [INFO]  BO ITERATION 50 / 50
2026-03-12 23:02:14,704 [INFO] ========================================
2026-03-12 23:02:14,704 [INFO] Training GP Models...
2026-03-12 23:02:26,048 [INFO] Solving Mixed Acquisition Function for 3 candidates...
2026-03-12 23:11:23,312 [INFO]   -> Acquisition Function Value (qLogEHVI): -3.8771
2026-03-12 23:11:23,312 [INFO] Dispatching physics simulations to GPUs...
2026-03-12 23:11:28,040 [INFO] [Eval 148] Initializing on GPU 2...
2026-03-12 23:11:28,041 [INFO] [Eval 147] Initializing on GPU 1...
2026-03-12 23:11:28,053 [INFO] [Eval 149] Initializing on GPU 3...
2026-03-13 00:57:29,980 [INFO]   [+] BO Task 00 (GPU 1) finished.
2026-03-13 00:58:09,563 [INFO]   [+] BO Task 01 (GPU 2) finished.
2026-03-13 00:59:10,235 [INFO]   [+] BO Task 02 (GPU 3) finished.
2026-03-13 00:59:11,401 [INFO] Iteration complete. Data saved.
